Archive member included to satisfy reference by file (symbol)

/home/diego/.pico-sdk/toolchain/13_3_Rel1/bin/../lib/gcc/arm-none-eabi/13.3.1/thumb/v6-m/nofp/libgcc.a(_dvmd_tls.o)
                              CMakeFiles/SOS_MORSE.dir/home/diego/.pico-sdk/sdk/2.1.0/src/rp2_common/pico_divider/divider_hardware.S.o (__aeabi_idiv0)
/home/diego/.pico-sdk/toolchain/13_3_Rel1/bin/../lib/gcc/arm-none-eabi/13.3.1/../../../../arm-none-eabi/lib/thumb/v6-m/nofp/libg.a(libc_a-strlen-stub.o)
                              CMakeFiles/SOS_MORSE.dir/home/diego/.pico-sdk/sdk/2.1.0/src/rp2_common/pico_stdio/stdio.c.o (strlen)
/home/diego/.pico-sdk/toolchain/13_3_Rel1/bin/../lib/gcc/arm-none-eabi/13.3.1/../../../../arm-none-eabi/lib/thumb/v6-m/nofp/libg.a(libc_a-malloc.o)
                              CMakeFiles/SOS_MORSE.dir/home/diego/.pico-sdk/sdk/2.1.0/src/rp2_common/pico_malloc/malloc.c.o (malloc)
/home/diego/.pico-sdk/toolchain/13_3_Rel1/bin/../lib/gcc/arm-none-eabi/13.3.1/../../../../arm-none-eabi/lib/thumb/v6-m/nofp/libg.a(libc_a-mallocr.o)
                              /home/diego/.pico-sdk/toolchain/13_3_Rel1/bin/../lib/gcc/arm-none-eabi/13.3.1/../../../../arm-none-eabi/lib/thumb/v6-m/nofp/libg.a(libc_a-malloc.o) (_malloc_r)
/home/diego/.pico-sdk/toolchain/13_3_Rel1/bin/../lib/gcc/arm-none-eabi/13.3.1/../../../../arm-none-eabi/lib/thumb/v6-m/nofp/libg.a(libc_a-lcltime_r.o)
                              CMakeFiles/SOS_MORSE.dir/home/diego/.pico-sdk/sdk/2.1.0/src/common/pico_util/datetime.c.o (localtime_r)
/home/diego/.pico-sdk/toolchain/13_3_Rel1/bin/../lib/gcc/arm-none-eabi/13.3.1/../../../../arm-none-eabi/lib/thumb/v6-m/nofp/libg.a(libc_a-sbrkr.o)
                              /home/diego/.pico-sdk/toolchain/13_3_Rel1/bin/../lib/gcc/arm-none-eabi/13.3.1/../../../../arm-none-eabi/lib/thumb/v6-m/nofp/libg.a(libc_a-mallocr.o) (_sbrk_r)
/home/diego/.pico-sdk/toolchain/13_3_Rel1/bin/../lib/gcc/arm-none-eabi/13.3.1/../../../../arm-none-eabi/lib/thumb/v6-m/nofp/libg.a(libc_a-mktime.o)
                              CMakeFiles/SOS_MORSE.dir/home/diego/.pico-sdk/sdk/2.1.0/src/common/pico_util/datetime.c.o (mktime)
/home/diego/.pico-sdk/toolchain/13_3_Rel1/bin/../lib/gcc/arm-none-eabi/13.3.1/../../../../arm-none-eabi/lib/thumb/v6-m/nofp/libg.a(libc_a-month_lengths.o)
                              /home/diego/.pico-sdk/toolchain/13_3_Rel1/bin/../lib/gcc/arm-none-eabi/13.3.1/../../../../arm-none-eabi/lib/thumb/v6-m/nofp/libg.a(libc_a-lcltime_r.o) (__month_lengths)
/home/diego/.pico-sdk/toolchain/13_3_Rel1/bin/../lib/gcc/arm-none-eabi/13.3.1/../../../../arm-none-eabi/lib/thumb/v6-m/nofp/libg.a(libc_a-tzcalc_limits.o)
                              /home/diego/.pico-sdk/toolchain/13_3_Rel1/bin/../lib/gcc/arm-none-eabi/13.3.1/../../../../arm-none-eabi/lib/thumb/v6-m/nofp/libg.a(libc_a-lcltime_r.o) (__tzcalc_limits)
/home/diego/.pico-sdk/toolchain/13_3_Rel1/bin/../lib/gcc/arm-none-eabi/13.3.1/../../../../arm-none-eabi/lib/thumb/v6-m/nofp/libg.a(libc_a-tzlock.o)
                              /home/diego/.pico-sdk/toolchain/13_3_Rel1/bin/../lib/gcc/arm-none-eabi/13.3.1/../../../../arm-none-eabi/lib/thumb/v6-m/nofp/libg.a(libc_a-lcltime_r.o) (__tz_lock)
/home/diego/.pico-sdk/toolchain/13_3_Rel1/bin/../lib/gcc/arm-none-eabi/13.3.1/../../../../arm-none-eabi/lib/thumb/v6-m/nofp/libg.a(libc_a-tzset.o)
                              /home/diego/.pico-sdk/toolchain/13_3_Rel1/bin/../lib/gcc/arm-none-eabi/13.3.1/../../../../arm-none-eabi/lib/thumb/v6-m/nofp/libg.a(libc_a-lcltime_r.o) (_tzset_unlocked)
/home/diego/.pico-sdk/toolchain/13_3_Rel1/bin/../lib/gcc/arm-none-eabi/13.3.1/../../../../arm-none-eabi/lib/thumb/v6-m/nofp/libg.a(libc_a-mlock.o)
                              /home/diego/.pico-sdk/toolchain/13_3_Rel1/bin/../lib/gcc/arm-none-eabi/13.3.1/../../../../arm-none-eabi/lib/thumb/v6-m/nofp/libg.a(libc_a-mallocr.o) (__malloc_lock)
/home/diego/.pico-sdk/toolchain/13_3_Rel1/bin/../lib/gcc/arm-none-eabi/13.3.1/../../../../arm-none-eabi/lib/thumb/v6-m/nofp/libg.a(libc_a-calloc.o)
                              CMakeFiles/SOS_MORSE.dir/home/diego/.pico-sdk/sdk/2.1.0/src/rp2_common/pico_malloc/malloc.c.o (calloc)
/home/diego/.pico-sdk/toolchain/13_3_Rel1/bin/../lib/gcc/arm-none-eabi/13.3.1/../../../../arm-none-eabi/lib/thumb/v6-m/nofp/libg.a(libc_a-memcmp.o)
                              CMakeFiles/SOS_MORSE.dir/home/diego/.pico-sdk/sdk/2.1.0/src/rp2_common/pico_atomic/atomic.c.o (memcmp)
/home/diego/.pico-sdk/toolchain/13_3_Rel1/bin/../lib/gcc/arm-none-eabi/13.3.1/../../../../arm-none-eabi/lib/thumb/v6-m/nofp/libg.a(libc_a-callocr.o)
                              /home/diego/.pico-sdk/toolchain/13_3_Rel1/bin/../lib/gcc/arm-none-eabi/13.3.1/../../../../arm-none-eabi/lib/thumb/v6-m/nofp/libg.a(libc_a-calloc.o) (_calloc_r)
/home/diego/.pico-sdk/toolchain/13_3_Rel1/bin/../lib/gcc/arm-none-eabi/13.3.1/../../../../arm-none-eabi/lib/thumb/v6-m/nofp/libg.a(libc_a-div.o)
[...]
Memory Configuration

Name             Origin             Length             Attributes
FLASH            0x10000000         0x00200000         xr
RAM              0x20000000         0x00040000         xrw
SCRATCH_X        0x20040000         0x00001000         xrw
SCRATCH_Y        0x20041000         0x00001000         xrw
*default*        0x00000000         0xffffffff

Linker script and memory map

LOAD /home/diego/.pico-sdk/toolchain/13_3_Rel1/bin/../lib/gcc/arm-none-eabi/13.3.1/thumb/v6-m/nofp/crti.o
LOAD /home/diego/.pico-sdk/toolchain/13_3_Rel1/bin/../lib/gcc/arm-none-eabi/13.3.1/thumb/v6-m/nofp/crtbegin.o
LOAD /home/diego/.pico-sdk/toolchain/13_3_Rel1/bin/../lib/gcc/arm-none-eabi/13.3.1/../../../../arm-none-eabi/lib/thumb/v6-m/nofp/crt0.o

.flash_begin    0x10000000        0x0
                0x10000000                        __flash_binary_start = .

.boot2          0x10000000      0x100
                0x10000000                        __boot2_start__ = .
 *(.boot2)
 .boot2         0x10000000      0x100 pico-sdk/src/rp2040/boot_stage2/CMakeFiles/bs2_default_library.dir/./bs2_default_padded_checksummed.S.o
                0x10000100                        __boot2_end__ = .
                0x00000001                        ASSERT (((__boot2_end__ - __boot2_start__) == 0x100), ERROR: Pico second stage bootloader must be 256 bytes in size)

.text           0x10000100     0x169c
                0x10000100                        __logical_binary_start = .
 *(.vectors)
 .vectors       0x10000100       0xd4 CMakeFiles/SOS_MORSE.dir/home/diego/.pico-sdk/sdk/2.1.0/src/rp2_common/pico_crt0/crt0.S.o
                0x10000100                __vectors
                0x10000100                __VECTOR_TABLE
                0x100001c0                isr_invalid
                0x100001c0                __default_isrs_start
                0x100001c2                isr_nmi
                0x100001c4                isr_hardfault
                0x100001c6                isr_svcall
                0x100001c8                isr_pendsv
                0x100001ca                isr_systick
                0x100001cc                isr_irq30
                0x100001cc                __unhandled_user_irq
                0x100001cc                isr_irq13
                0x100001cc                isr_irq27
                0x100001cc                isr_irq31
                0x100001cc                isr_irq5
                0x100001cc                isr_irq11
                0x100001cc                isr_irq23
                0x100001cc                isr_irq18
                0x100001cc                isr_irq28
                0x100001cc                isr_irq19
                0x100001cc                isr_irq0
                0x100001cc                isr_irq6
                0x100001cc                isr_irq22
                0x100001cc                isr_irq17
                0x100001cc                isr_irq14
                0x100001cc                isr_irq2
                0x100001cc                isr_irq10
                0x100001cc                isr_irq8
                0x100001cc                isr_irq24
                0x100001cc                isr_irq1
                0x100001cc                isr_irq7
                0x100001cc                isr_irq21
                0x100001cc                isr_irq20
                0x100001cc                isr_irq15
                0x100001cc                isr_irq25
                0x100001cc                isr_irq4
                0x100001cc                isr_irq16
                0x100001cc                isr_irq29
                0x100001cc                isr_irq26
                0x100001cc                __default_isrs_end
                0x100001cc                isr_irq3
                0x100001cc                isr_irq12
                0x100001cc                isr_irq9
                0x100001d2                unhandled_user_irq_num_in_r0
 *(.binary_info_header)
 .binary_info_header
                0x100001d4       0x14 CMakeFiles/SOS_MORSE.dir/home/diego/.pico-sdk/sdk/2.1.0/src/rp2_common/pico_crt0/crt0.S.o
                0x100001e8                        __binary_info_header_end = .
 *(.embedded_block)
                0x100001e8                        __embedded_block_end = .
 *(.reset)
 .reset         0x100001e8       0x9c CMakeFiles/SOS_MORSE.dir/home/diego/.pico-sdk/sdk/2.1.0/src/rp2_common/pico_crt0/crt0.S.o
                0x100001e8                _entry_point
 *(.init)
 .init          0x10000284        0x4 /home/diego/.pico-sdk/toolchain/13_3_Rel1/bin/../lib/gcc/arm-none-eabi/13.3.1/thumb/v6-m/nofp/crti.o
                0x10000284                _init
 *(EXCLUDE_FILE(*libm.a: *libc.a:*lib_a-mem*.o *libgcc.a:) .text*)
 .text.register_tm_clones
                0x10000288       0x28 /home/diego/.pico-sdk/toolchain/13_3_Rel1/bin/../lib/gcc/arm-none-eabi/13.3.1/thumb/v6-m/nofp/crtbegin.o
 .text.frame_dummy
                0x100002b0       0x24 /home/diego/.pico-sdk/toolchain/13_3_Rel1/bin/../lib/gcc/arm-none-eabi/13.3.1/thumb/v6-m/nofp/crtbegin.o
 .text.startup.main
                0x100002d4       0x80 CMakeFiles/SOS_MORSE.dir/SOS_MORSE.c.o
                0x100002d4                main
 .text.gpio_init
                0x10000354       0x40 CMakeFiles/SOS_MORSE.dir/home/diego/.pico-sdk/sdk/2.1.0/src/rp2_common/hardware_gpio/gpio.c.o
                0x10000354                gpio_init
 .text.panic    0x10000394       0x30 CMakeFiles/SOS_MORSE.dir/home/diego/.pico-sdk/sdk/2.1.0/src/rp2_common/pico_platform_panic/panic.c.o
                0x10000394                panic
 .text.hw_claim_or_assert
                0x100003c4       0x44 CMakeFiles/SOS_MORSE.dir/home/diego/.pico-sdk/sdk/2.1.0/src/common/hardware_claim/claim.c.o
                0x100003c4                hw_claim_or_assert
 .text.next_striped_spin_lock_num
                0x10000408       0x18 CMakeFiles/SOS_MORSE.dir/home/diego/.pico-sdk/sdk/2.1.0/src/rp2_common/hardware_sync/sync.c.o
                0x10000408                next_striped_spin_lock_num
 .text.spin_locks_reset
                0x10000420       0x1c CMakeFiles/SOS_MORSE.dir/home/diego/.pico-sdk/sdk/2.1.0/src/rp2_common/hardware_sync_spin_lock/sync_spin_lock.c.o
                0x10000420                spin_locks_reset
 .text.runtime_init_per_core_irq_priorities
                0x1000043c       0x24 CMakeFiles/SOS_MORSE.dir/home/diego/.pico-sdk/sdk/2.1.0/src/rp2_common/hardware_irq/irq.c.o
                0x1000043c                runtime_init_per_core_irq_priorities
 .text.irq_set_enabled
                0x10000460       0x24 CMakeFiles/SOS_MORSE.dir/home/diego/.pico-sdk/sdk/2.1.0/src/rp2_common/hardware_irq/irq.c.o
                0x10000460                irq_set_enabled
 .text.irq_set_exclusive_handler
                0x10000484       0x54 CMakeFiles/SOS_MORSE.dir/home/diego/.pico-sdk/sdk/2.1.0/src/rp2_common/hardware_irq/irq.c.o
                0x10000484                irq_set_exclusive_handler
 .text.lock_init
                0x100004d8       0x10 CMakeFiles/SOS_MORSE.dir/home/diego/.pico-sdk/sdk/2.1.0/src/common/pico_sync/lock_core.c.o
                0x100004d8                lock_init
 .text.runtime_init_mutex
                0x100004e8       0x50 CMakeFiles/SOS_MORSE.dir/home/diego/.pico-sdk/sdk/2.1.0/src/common/pico_sync/mutex.c.o
                0x100004e8                runtime_init_mutex
 .text.sleep_until_callback
                0x10000538       0x30 CMakeFiles/SOS_MORSE.dir/home/diego/.pico-sdk/sdk/2.1.0/src/common/pico_time/time.c.o
 .text.alarm_pool_irq_handler
                0x10000568      0x2fc CMakeFiles/SOS_MORSE.dir/home/diego/.pico-sdk/sdk/2.1.0/src/common/pico_time/time.c.o
 .text.runtime_init_default_alarm_pool
                0x10000864       0xdc CMakeFiles/SOS_MORSE.dir/home/diego/.pico-sdk/sdk/2.1.0/src/common/pico_time/time.c.o
                0x10000864                runtime_init_default_alarm_pool
 .text.alarm_pool_add_alarm_at_force_in_context
                0x10000940       0xb0 CMakeFiles/SOS_MORSE.dir/home/diego/.pico-sdk/sdk/2.1.0/src/common/pico_time/time.c.o
                0x10000940                alarm_pool_add_alarm_at_force_in_context
 .text.alarm_pool_cancel_alarm
                0x100009f0       0x74 CMakeFiles/SOS_MORSE.dir/home/diego/.pico-sdk/sdk/2.1.0/src/common/pico_time/time.c.o
                0x100009f0                alarm_pool_cancel_alarm
 .text.sleep_until
                0x10000a64       0xd8 CMakeFiles/SOS_MORSE.dir/home/diego/.pico-sdk/sdk/2.1.0/src/common/pico_time/time.c.o
                0x10000a64                sleep_until
 .text.sleep_ms
                0x10000b3c       0x38 CMakeFiles/SOS_MORSE.dir/home/diego/.pico-sdk/sdk/2.1.0/src/common/pico_time/time.c.o
                0x10000b3c                sleep_ms
 .text.best_effort_wfe_or_timeout
                0x10000b74       0xe0 CMakeFiles/SOS_MORSE.dir/home/diego/.pico-sdk/sdk/2.1.0/src/common/pico_time/time.c.o
                0x10000b74                best_effort_wfe_or_timeout
 .text.timer_hardware_alarm_claim
                0x10000c54       0x14 CMakeFiles/SOS_MORSE.dir/home/diego/.pico-sdk/sdk/2.1.0/src/rp2_common/hardware_timer/timer.c.o
                0x10000c54                timer_hardware_alarm_claim
 .text.timer_time_us_64
                0x10000c68       0x10 CMakeFiles/SOS_MORSE.dir/home/diego/.pico-sdk/sdk/2.1.0/src/rp2_common/hardware_timer/timer.c.o
                0x10000c68                timer_time_us_64
 .text.time_us_64
                0x10000c78       0x14 CMakeFiles/SOS_MORSE.dir/home/diego/.pico-sdk/sdk/2.1.0/src/rp2_common/hardware_timer/timer.c.o
                0x10000c78                time_us_64
 .text.busy_wait_until
                0x10000c8c       0x20 CMakeFiles/SOS_MORSE.dir/home/diego/.pico-sdk/sdk/2.1.0/src/rp2_common/hardware_timer/timer.c.o
                0x10000c8c                busy_wait_until
 .text.clock_configure_int_divider
                0x10000cac       0xf4 CMakeFiles/SOS_MORSE.dir/home/diego/.pico-sdk/sdk/2.1.0/src/rp2_common/hardware_clocks/clocks.c.o
                0x10000cac                clock_configure_int_divider
 .text.clock_configure_undivided
                0x10000da0       0xe8 CMakeFiles/SOS_MORSE.dir/home/diego/.pico-sdk/sdk/2.1.0/src/rp2_common/hardware_clocks/clocks.c.o
                0x10000da0                clock_configure_undivided
 .text.clock_get_hz
                0x10000e88        0xc CMakeFiles/SOS_MORSE.dir/home/diego/.pico-sdk/sdk/2.1.0/src/rp2_common/hardware_clocks/clocks.c.o
                0x10000e88                clock_get_hz
 .text.pll_init
                0x10000e94       0xa4 CMakeFiles/SOS_MORSE.dir/home/diego/.pico-sdk/sdk/2.1.0/src/rp2_common/hardware_pll/pll.c.o
                0x10000e94                pll_init
 .text.tick_start
                0x10000f38       0x10 CMakeFiles/SOS_MORSE.dir/home/diego/.pico-sdk/sdk/2.1.0/src/rp2_common/hardware_ticks/ticks.c.o
                0x10000f38                tick_start
 .text.rom_func_lookup
                0x10000f48       0x10 CMakeFiles/SOS_MORSE.dir/home/diego/.pico-sdk/sdk/2.1.0/src/rp2_common/pico_bootrom/bootrom.c.o
                0x10000f48                rom_func_lookup
 .text.rom_data_lookup
                0x10000f58       0x10 CMakeFiles/SOS_MORSE.dir/home/diego/.pico-sdk/sdk/2.1.0/src/rp2_common/pico_bootrom/bootrom.c.o
                0x10000f58                rom_data_lookup
 .text.rom_funcs_lookup
                0x10000f68       0x44 CMakeFiles/SOS_MORSE.dir/home/diego/.pico-sdk/sdk/2.1.0/src/rp2_common/pico_bootrom/bootrom.c.o
                0x10000f68                rom_funcs_lookup
 .text.xosc_init
                0x10000fac       0x28 CMakeFiles/SOS_MORSE.dir/home/diego/.pico-sdk/sdk/2.1.0/src/rp2_common/hardware_xosc/xosc.c.o
                0x10000fac                xosc_init
 .text.first_per_core_initializer
                0x10000fd4        0x4 CMakeFiles/SOS_MORSE.dir/home/diego/.pico-sdk/sdk/2.1.0/src/rp2_common/pico_runtime/runtime.c.o
 .text.hard_assertion_failure
                0x10000fd8        0xc CMakeFiles/SOS_MORSE.dir/home/diego/.pico-sdk/sdk/2.1.0/src/rp2_common/pico_runtime/runtime.c.o
                0x10000fd8                hard_assertion_failure
 .text.runtime_run_initializers
                0x10000fe4       0x28 CMakeFiles/SOS_MORSE.dir/home/diego/.pico-sdk/sdk/2.1.0/src/rp2_common/pico_runtime/runtime.c.o
                0x10000fe4                runtime_run_initializers
 .text.runtime_init_early_resets
                0x1000100c       0x2c CMakeFiles/SOS_MORSE.dir/home/diego/.pico-sdk/sdk/2.1.0/src/rp2_common/pico_runtime_init/runtime_init.c.o
                0x1000100c                runtime_init_early_resets
 .text.runtime_init_usb_power_down
                0x10001038       0x1c CMakeFiles/SOS_MORSE.dir/home/diego/.pico-sdk/sdk/2.1.0/src/rp2_common/pico_runtime_init/runtime_init.c.o
                0x10001038                runtime_init_usb_power_down
 .text.runtime_init_post_clock_resets
                0x10001054       0x20 CMakeFiles/SOS_MORSE.dir/home/diego/.pico-sdk/sdk/2.1.0/src/rp2_common/pico_runtime_init/runtime_init.c.o
                0x10001054                runtime_init_post_clock_resets
 .text.runtime_init_rp2040_gpio_ie_disable
                0x10001074       0x14 CMakeFiles/SOS_MORSE.dir/home/diego/.pico-sdk/sdk/2.1.0/src/rp2_common/pico_runtime_init/runtime_init.c.o
                0x10001074                runtime_init_rp2040_gpio_ie_disable
 .text.runtime_init_spin_locks_reset
                0x10001088        0x8 CMakeFiles/SOS_MORSE.dir/home/diego/.pico-sdk/sdk/2.1.0/src/rp2_common/pico_runtime_init/runtime_init.c.o
                0x10001088                runtime_init_spin_locks_reset
 .text.runtime_init_install_ram_vector_table
                0x10001090       0x1c CMakeFiles/SOS_MORSE.dir/home/diego/.pico-sdk/sdk/2.1.0/src/rp2_common/pico_runtime_init/runtime_init.c.o
                0x10001090                runtime_init_install_ram_vector_table
 .text.runtime_init_clocks
                0x100010ac       0xd8 CMakeFiles/SOS_MORSE.dir/home/diego/.pico-sdk/sdk/2.1.0/src/rp2_common/pico_runtime_init/runtime_init_clocks.c.o
                0x100010ac                runtime_init_clocks
 .text          0x10001184       0x10 CMakeFiles/SOS_MORSE.dir/home/diego/.pico-sdk/sdk/2.1.0/src/rp2_common/pico_bit_ops/bit_ops_aeabi.S.o
 .text.__wrap___aeabi_uidiv
                0x10001194       0x4c CMakeFiles/SOS_MORSE.dir/home/diego/.pico-sdk/sdk/2.1.0/src/rp2_common/pico_divider/divider_hardware.S.o
                0x10001194                __wrap___aeabi_uidiv
                0x10001194                __wrap___aeabi_uidivmod
                0x10001194                div_u32u32
                0x10001194                divmod_u32u32
                0x1000119c                divmod_u32u32_unsafe
                0x100011c4                divmod_u32u32_savestate
 .text.missing_double_func_shim
                0x100011e0        0xc CMakeFiles/SOS_MORSE.dir/home/diego/.pico-sdk/sdk/2.1.0/src/rp2_common/pico_double/double_init_rom_rp2040.c.o
 .text.__aeabi_double_init
                0x100011ec       0xa0 CMakeFiles/SOS_MORSE.dir/home/diego/.pico-sdk/sdk/2.1.0/src/rp2_common/pico_double/double_init_rom_rp2040.c.o
                0x100011ec                __aeabi_double_init
 .text.double_table_shim_on_use_helper
                0x1000128c       0x2c CMakeFiles/SOS_MORSE.dir/home/diego/.pico-sdk/sdk/2.1.0/src/rp2_common/pico_double/double_v1_rom_shim_rp2040.S.o
                0x1000128c                double_table_shim_on_use_helper
 .text.__aeabi_lmul
                0x100012b8       0x32 CMakeFiles/SOS_MORSE.dir/home/diego/.pico-sdk/sdk/2.1.0/src/rp2_common/pico_int64_ops/pico_int64_ops_aeabi.S.o
                0x100012b8                __wrap___aeabi_lmul
 *fill*         0x100012ea        0x2 
 .text.missing_float_func_shim
                0x100012ec        0xc CMakeFiles/SOS_MORSE.dir/home/diego/.pico-sdk/sdk/2.1.0/src/rp2_common/pico_float/float_init_rom_rp2040.c.o
 .text.__aeabi_float_init
                0x100012f8       0x5c CMakeFiles/SOS_MORSE.dir/home/diego/.pico-sdk/sdk/2.1.0/src/rp2_common/pico_float/float_init_rom_rp2040.c.o
                0x100012f8                __aeabi_float_init
 .text          0x10001354       0x10 CMakeFiles/SOS_MORSE.dir/home/diego/.pico-sdk/sdk/2.1.0/src/rp2_common/pico_mem_ops/mem_ops_aeabi.S.o
                0x10001354                __aeabi_mem_init
 .text.memset   0x10001364        0xc CMakeFiles/SOS_MORSE.dir/home/diego/.pico-sdk/sdk/2.1.0/src/rp2_common/pico_mem_ops/mem_ops_aeabi.S.o
                0x10001364                __wrap_memset
 .text.memcpy   0x10001370        0xc CMakeFiles/SOS_MORSE.dir/home/diego/.pico-sdk/sdk/2.1.0/src/rp2_common/pico_mem_ops/mem_ops_aeabi.S.o
                0x10001370                __wrap___aeabi_memcpy
                0x10001370                __wrap_memcpy
 .text._out_char
                0x1000137c       0x10 CMakeFiles/SOS_MORSE.dir/home/diego/.pico-sdk/sdk/2.1.0/src/rp2_common/pico_printf/printf.c.o
 .text.weak_raw_vprintf
                0x1000138c       0x30 CMakeFiles/SOS_MORSE.dir/home/diego/.pico-sdk/sdk/2.1.0/src/rp2_common/pico_printf/printf.c.o
                0x1000138c                weak_raw_vprintf
 .text._exit    0x100013bc        0x4 CMakeFiles/SOS_MORSE.dir/home/diego/.pico-sdk/sdk/2.1.0/src/rp2_common/pico_clib_interface/newlib_interface.c.o
                0x100013bc                _exit
 .text.exit     0x100013c0        0x8 CMakeFiles/SOS_MORSE.dir/home/diego/.pico-sdk/sdk/2.1.0/src/rp2_common/pico_clib_interface/newlib_interface.c.o
                0x100013c0                exit
 .text.runtime_init
                0x100013c8       0x2c CMakeFiles/SOS_MORSE.dir/home/diego/.pico-sdk/sdk/2.1.0/src/rp2_common/pico_clib_interface/newlib_interface.c.o
                0x100013c8                runtime_init
 .text.stdio_out_chars_no_crlf
                0x100013f4       0x10 CMakeFiles/SOS_MORSE.dir/home/diego/.pico-sdk/sdk/2.1.0/src/rp2_common/pico_stdio/stdio.c.o
 .text.stdio_out_chars_crlf
                0x10001404       0x94 CMakeFiles/SOS_MORSE.dir/home/diego/.pico-sdk/sdk/2.1.0/src/rp2_common/pico_stdio/stdio.c.o
 .text.stdio_put_string
                0x10001498      0x100 CMakeFiles/SOS_MORSE.dir/home/diego/.pico-sdk/sdk/2.1.0/src/rp2_common/pico_stdio/stdio.c.o
                0x10001498                stdio_put_string
 .text.__wrap_putchar
                0x10001598       0x98 CMakeFiles/SOS_MORSE.dir/home/diego/.pico-sdk/sdk/2.1.0/src/rp2_common/pico_stdio/stdio.c.o
                0x10001598                stdio_putchar
                0x10001598                __wrap_putchar
 .text.__wrap_puts
                0x10001630       0x3c CMakeFiles/SOS_MORSE.dir/home/diego/.pico-sdk/sdk/2.1.0/src/rp2_common/pico_stdio/stdio.c.o
                0x10001630                __wrap_puts
                0x10001630                stdio_puts
 .text.startup._retrieve_unique_id_on_boot
                0x1000166c       0x10 CMakeFiles/SOS_MORSE.dir/home/diego/.pico-sdk/sdk/2.1.0/src/rp2_common/pico_unique_id/unique_id.c.o
 .text.flash_get_unique_id
                0x1000167c       0x3c CMakeFiles/SOS_MORSE.dir/home/diego/.pico-sdk/sdk/2.1.0/src/rp2_common/hardware_flash/flash.c.o
                0x1000167c                flash_get_unique_id
 .text.strlen   0x100016b8       0x5c /home/diego/.pico-sdk/toolchain/13_3_Rel1/bin/../lib/gcc/arm-none-eabi/13.3.1/../../../../arm-none-eabi/lib/thumb/v6-m/nofp/libg.a(libc_a-strlen-stub.o)
                0x100016b8                strlen
 *(.fini)
 .fini          0x10001714        0x4 /home/diego/.pico-sdk/toolchain/13_3_Rel1/bin/../lib/gcc/arm-none-eabi/13.3.1/thumb/v6-m/nofp/crti.o
                0x10001714                _fini
 .fini.__stub   0x10001718       0x40 linker stubs
 *crtbegin.o(.ctors)
 *crtbegin?.o(.ctors)
 *(EXCLUDE_FILE(*crtend.o *crtend?.o) .ctors)
 *(SORT_BY_NAME(.ctors.*))
 *(.ctors)
 *crtbegin.o(.dtors)
 *crtbegin?.o(.dtors)
 *(EXCLUDE_FILE(*crtend.o *crtend?.o) .dtors)
 *(SORT_BY_NAME(.dtors.*))
 *(.dtors)
                0x10001758                        . = ALIGN (0x4)
                0x10001758                        PROVIDE (__preinit_array_start = .)
 *(SORT_BY_NAME(.preinit_array.*))
 .preinit_array.00100
                0x10001758        0x4 CMakeFiles/SOS_MORSE.dir/home/diego/.pico-sdk/sdk/2.1.0/src/rp2_common/pico_runtime_init/runtime_init.c.o
                0x10001758                __pre_init_runtime_init_early_resets
 .preinit_array.00101
                0x1000175c        0x4 CMakeFiles/SOS_MORSE.dir/home/diego/.pico-sdk/sdk/2.1.0/src/rp2_common/pico_runtime_init/runtime_init.c.o
                0x1000175c                __pre_init_runtime_init_usb_power_down
 .preinit_array.00275
                0x10001760        0x4 CMakeFiles/SOS_MORSE.dir/home/diego/.pico-sdk/sdk/2.1.0/src/rp2_common/pico_bit_ops/bit_ops_aeabi.S.o
 .preinit_array.00300
                0x10001764        0x4 CMakeFiles/SOS_MORSE.dir/home/diego/.pico-sdk/sdk/2.1.0/src/rp2_common/pico_mem_ops/mem_ops_aeabi.S.o
 .preinit_array.00350
                0x10001768        0x4 CMakeFiles/SOS_MORSE.dir/home/diego/.pico-sdk/sdk/2.1.0/src/rp2_common/pico_double/double_aeabi_rp2040.S.o
 .preinit_array.00350
                0x1000176c        0x4 CMakeFiles/SOS_MORSE.dir/home/diego/.pico-sdk/sdk/2.1.0/src/rp2_common/pico_float/float_aeabi_rp2040.S.o
 .preinit_array.00500
                0x10001770        0x4 CMakeFiles/SOS_MORSE.dir/home/diego/.pico-sdk/sdk/2.1.0/src/rp2_common/pico_runtime_init/runtime_init.c.o
                0x10001770                __pre_init_runtime_init_clocks
 .preinit_array.00600
                0x10001774        0x4 CMakeFiles/SOS_MORSE.dir/home/diego/.pico-sdk/sdk/2.1.0/src/rp2_common/pico_runtime_init/runtime_init.c.o
                0x10001774                __pre_init_runtime_init_post_clock_resets
 .preinit_array.00700
                0x10001778        0x4 CMakeFiles/SOS_MORSE.dir/home/diego/.pico-sdk/sdk/2.1.0/src/rp2_common/pico_runtime_init/runtime_init.c.o
                0x10001778                __pre_init_runtime_init_rp2040_gpio_ie_disable
 .preinit_array.01000
                0x1000177c        0x4 CMakeFiles/SOS_MORSE.dir/home/diego/.pico-sdk/sdk/2.1.0/src/rp2_common/pico_runtime_init/runtime_init.c.o
                0x1000177c                __pre_init_runtime_init_spin_locks_reset
 .preinit_array.01100
                0x10001780        0x4 CMakeFiles/SOS_MORSE.dir/home/diego/.pico-sdk/sdk/2.1.0/src/common/pico_sync/mutex.c.o
                0x10001780                __pre_init_runtime_init_mutex
 .preinit_array.10080
                0x10001784        0x4 CMakeFiles/SOS_MORSE.dir/home/diego/.pico-sdk/sdk/2.1.0/src/rp2_common/pico_runtime_init/runtime_init.c.o
                0x10001784                __pre_init_runtime_init_install_ram_vector_table
 .preinit_array.11000
                0x10001788        0x4 CMakeFiles/SOS_MORSE.dir/home/diego/.pico-sdk/sdk/2.1.0/src/common/pico_time/time.c.o
                0x10001788                __pre_init_runtime_init_default_alarm_pool
 .preinit_array.YYYYY
                0x1000178c        0x4 CMakeFiles/SOS_MORSE.dir/home/diego/.pico-sdk/sdk/2.1.0/src/rp2_common/pico_runtime/runtime.c.o
                0x1000178c                __pre_init_first_per_core_initializer
 .preinit_array.ZZZZZ.01200
                0x10001790        0x4 CMakeFiles/SOS_MORSE.dir/home/diego/.pico-sdk/sdk/2.1.0/src/rp2_common/hardware_irq/irq.c.o
                0x10001790                __pre_init_runtime_init_per_core_irq_priorities
 *(.preinit_array)
                0x10001794                        PROVIDE (__preinit_array_end = .)
                0x10001794                        . = ALIGN (0x4)
                0x10001794                        PROVIDE (__init_array_start = .)
 *(SORT_BY_NAME(.init_array.*))
 *(.init_array)
 .init_array    0x10001794        0x4 /home/diego/.pico-sdk/toolchain/13_3_Rel1/bin/../lib/gcc/arm-none-eabi/13.3.1/thumb/v6-m/nofp/crtbegin.o
 .init_array    0x10001798        0x4 CMakeFiles/SOS_MORSE.dir/home/diego/.pico-sdk/sdk/2.1.0/src/rp2_common/pico_unique_id/unique_id.c.o
                0x1000179c                        PROVIDE (__init_array_end = .)
                0x1000179c                        . = ALIGN (0x4)
                [!provide]                        PROVIDE (__fini_array_start = .)
 *(SORT_BY_NAME(.fini_array.*))
 *(.fini_array)
                [!provide]                        PROVIDE (__fini_array_end = .)
 *(.eh_frame*)
 .eh_frame      0x1000179c        0x0 /home/diego/.pico-sdk/toolchain/13_3_Rel1/bin/../lib/gcc/arm-none-eabi/13.3.1/thumb/v6-m/nofp/crtbegin.o
                0x1000179c                        . = ALIGN (0x4)

.glue_7         0x1000179c        0x0
 .glue_7        0x1000179c        0x0 linker stubs

.glue_7t        0x1000179c        0x0
 .glue_7t       0x1000179c        0x0 linker stubs

.vfp11_veneer   0x1000179c        0x0
 .vfp11_veneer  0x1000179c        0x0 linker stubs

.v4_bx          0x1000179c        0x0
 .v4_bx         0x1000179c        0x0 linker stubs

.iplt           0x1000179c        0x0
 .iplt          0x1000179c        0x0 /home/diego/.pico-sdk/toolchain/13_3_Rel1/bin/../lib/gcc/arm-none-eabi/13.3.1/thumb/v6-m/nofp/crtbegin.o

.rodata         0x1000179c      0x114
 *(EXCLUDE_FILE(*libm.a: *libc.a:*lib_a-mem*.o *libgcc.a:) .rodata*)
 .rodata.str1.4
                0x1000179c       0xb0 CMakeFiles/SOS_MORSE.dir/SOS_MORSE.c.o
                                  0xa (size before relaxing)
 .rodata.panic.str1.4
                0x1000184c       0x12 CMakeFiles/SOS_MORSE.dir/home/diego/.pico-sdk/sdk/2.1.0/src/rp2_common/pico_platform_panic/panic.c.o
 .rodata.timer_hardware_alarm_claim.str1.4
                0x1000184c       0x22 CMakeFiles/SOS_MORSE.dir/home/diego/.pico-sdk/sdk/2.1.0/src/rp2_common/hardware_timer/timer.c.o
 .rodata.hard_assertion_failure.str1.4
                0x1000184c        0xc CMakeFiles/SOS_MORSE.dir/home/diego/.pico-sdk/sdk/2.1.0/src/rp2_common/pico_runtime/runtime.c.o
 .rodata.missing_double_func_shim.str1.4
                0x1000184c       0x18 CMakeFiles/SOS_MORSE.dir/home/diego/.pico-sdk/sdk/2.1.0/src/rp2_common/pico_double/double_init_rom_rp2040.c.o
 .rodata.missing_float_func_shim.str1.4
                0x1000184c        0x1 CMakeFiles/SOS_MORSE.dir/home/diego/.pico-sdk/sdk/2.1.0/src/rp2_common/pico_float/float_init_rom_rp2040.c.o
 .rodata.str1.4
                0x1000184c       0x44 CMakeFiles/SOS_MORSE.dir/home/diego/.pico-sdk/sdk/2.1.0/src/rp2_common/pico_standard_binary_info/standard_binary_info.c.o
 .rodata.__bi_84
                0x1000184c        0xc CMakeFiles/SOS_MORSE.dir/home/diego/.pico-sdk/sdk/2.1.0/src/rp2_common/pico_standard_binary_info/standard_binary_info.c.o
 .rodata.__bi_78
                0x10001858        0xc CMakeFiles/SOS_MORSE.dir/home/diego/.pico-sdk/sdk/2.1.0/src/rp2_common/pico_standard_binary_info/standard_binary_info.c.o
 .rodata.__bi_60
                0x10001864        0xc CMakeFiles/SOS_MORSE.dir/home/diego/.pico-sdk/sdk/2.1.0/src/rp2_common/pico_standard_binary_info/standard_binary_info.c.o
 .rodata.__bi_54
                0x10001870        0xc CMakeFiles/SOS_MORSE.dir/home/diego/.pico-sdk/sdk/2.1.0/src/rp2_common/pico_standard_binary_info/standard_binary_info.c.o
 .rodata.__bi_48
                0x1000187c        0xc CMakeFiles/SOS_MORSE.dir/home/diego/.pico-sdk/sdk/2.1.0/src/rp2_common/pico_standard_binary_info/standard_binary_info.c.o
 .rodata.__bi_42
                0x10001888        0xc CMakeFiles/SOS_MORSE.dir/home/diego/.pico-sdk/sdk/2.1.0/src/rp2_common/pico_standard_binary_info/standard_binary_info.c.o
 .rodata.__bi_34
                0x10001894        0xc CMakeFiles/SOS_MORSE.dir/home/diego/.pico-sdk/sdk/2.1.0/src/rp2_common/pico_standard_binary_info/standard_binary_info.c.o
 .rodata.__bi_26
                0x100018a0        0xc CMakeFiles/SOS_MORSE.dir/home/diego/.pico-sdk/sdk/2.1.0/src/rp2_common/pico_standard_binary_info/standard_binary_info.c.o
 .rodata.crlf_str.0
                0x100018ac        0x2 CMakeFiles/SOS_MORSE.dir/home/diego/.pico-sdk/sdk/2.1.0/src/rp2_common/pico_stdio/stdio.c.o
                0x100018b0                        . = ALIGN (0x4)
 *fill*         0x100018ae        0x2 
 *(SORT_BY_ALIGNMENT(SORT_BY_NAME(.flashdata*)))
                0x100018b0                        . = ALIGN (0x4)

.ARM.extab
 *(.ARM.extab* .gnu.linkonce.armextab.*)
                0x100018b0                        __exidx_start = .

.ARM.exidx
 *(.ARM.exidx* .gnu.linkonce.armexidx.*)
                0x100018b0                        __exidx_end = .
                0x100018b0                        . = ALIGN (0x4)
                0x100018b0                        __binary_info_start = .

.binary_info    0x100018b0       0x20
 *(.binary_info.keep.*)
 .binary_info.keep.__bi_ptr84
                0x100018b0        0x4 CMakeFiles/SOS_MORSE.dir/home/diego/.pico-sdk/sdk/2.1.0/src/rp2_common/pico_standard_binary_info/standard_binary_info.c.o
 .binary_info.keep.__bi_ptr78
                0x100018b4        0x4 CMakeFiles/SOS_MORSE.dir/home/diego/.pico-sdk/sdk/2.1.0/src/rp2_common/pico_standard_binary_info/standard_binary_info.c.o
 .binary_info.keep.__bi_ptr60
                0x100018b8        0x4 CMakeFiles/SOS_MORSE.dir/home/diego/.pico-sdk/sdk/2.1.0/src/rp2_common/pico_standard_binary_info/standard_binary_info.c.o
 .binary_info.keep.__bi_ptr54
                0x100018bc        0x4 CMakeFiles/SOS_MORSE.dir/home/diego/.pico-sdk/sdk/2.1.0/src/rp2_common/pico_standard_binary_info/standard_binary_info.c.o
 .binary_info.keep.__bi_ptr48
                0x100018c0        0x4 CMakeFiles/SOS_MORSE.dir/home/diego/.pico-sdk/sdk/2.1.0/src/rp2_common/pico_standard_binary_info/standard_binary_info.c.o
 .binary_info.keep.__bi_ptr42
                0x100018c4        0x4 CMakeFiles/SOS_MORSE.dir/home/diego/.pico-sdk/sdk/2.1.0/src/rp2_common/pico_standard_binary_info/standard_binary_info.c.o
 .binary_info.keep.__bi_ptr34
                0x100018c8        0x4 CMakeFiles/SOS_MORSE.dir/home/diego/.pico-sdk/sdk/2.1.0/src/rp2_common/pico_standard_binary_info/standard_binary_info.c.o
 .binary_info.keep.__bi_ptr26
                0x100018cc        0x4 CMakeFiles/SOS_MORSE.dir/home/diego/.pico-sdk/sdk/2.1.0/src/rp2_common/pico_standard_binary_info/standard_binary_info.c.o
 *(.binary_info.*)
                0x100018d0                        __binary_info_end = .

.rel.dyn        0x100018d0        0x0
 .rel.iplt      0x100018d0        0x0 /home/diego/.pico-sdk/toolchain/13_3_Rel1/bin/../lib/gcc/arm-none-eabi/13.3.1/thumb/v6-m/nofp/crtbegin.o
                0x100018d0                        . = ALIGN (0x4)

.ram_vector_table
                0x20000000       0xc0
 *(.ram_vector_table)
 .ram_vector_table
                0x20000000       0xc0 CMakeFiles/SOS_MORSE.dir/home/diego/.pico-sdk/sdk/2.1.0/src/rp2_common/pico_runtime_init/runtime_init.c.o
                0x20000000                ram_vector_table

.uninitialized_data
                0x200000c0        0x0
                0x200000c0                        . = ALIGN (0x4)
 *(.uninitialized_data*)

.data           0x200000c0      0x258 load address 0x100018d0
                0x200000c0                        __data_start__ = .
 *(vtable)
 *(.time_critical*)
 .time_critical.mutex_try_enter_block_until
                0x200000c0       0x9c CMakeFiles/SOS_MORSE.dir/home/diego/.pico-sdk/sdk/2.1.0/src/common/pico_sync/mutex.c.o
                0x200000c0                mutex_try_enter_block_until
 .time_critical.mutex_exit
                0x2000015c       0x28 CMakeFiles/SOS_MORSE.dir/home/diego/.pico-sdk/sdk/2.1.0/src/common/pico_sync/mutex.c.o
                0x2000015c                mutex_exit
 .time_critical.flash_init_boot2_copyout
                0x20000184       0x30 CMakeFiles/SOS_MORSE.dir/home/diego/.pico-sdk/sdk/2.1.0/src/rp2_common/hardware_flash/flash.c.o
 .time_critical.flash_enable_xip_via_boot2
                0x200001b4        0xc CMakeFiles/SOS_MORSE.dir/home/diego/.pico-sdk/sdk/2.1.0/src/rp2_common/hardware_flash/flash.c.o
 .time_critical.flash_cs_force
                0x200001c0       0x38 CMakeFiles/SOS_MORSE.dir/home/diego/.pico-sdk/sdk/2.1.0/src/rp2_common/hardware_flash/flash.c.o
 .time_critical.flash_do_cmd
                0x200001f8       0xc0 CMakeFiles/SOS_MORSE.dir/home/diego/.pico-sdk/sdk/2.1.0/src/rp2_common/hardware_flash/flash.c.o
                0x200001f8                flash_do_cmd
 *(.text*)
 .text          0x200002b8        0x4 /home/diego/.pico-sdk/toolchain/13_3_Rel1/bin/../lib/gcc/arm-none-eabi/13.3.1/thumb/v6-m/nofp/libgcc.a(_dvmd_tls.o)
                0x200002b8                __aeabi_ldiv0
                0x200002b8                __aeabi_idiv0
 *fill*         0x200002bc        0x4 
 .text.__stub   0x200002c0       0x10 linker stubs
                0x200002d0                        . = ALIGN (0x4)
 *(.rodata*)
                0x200002d0                        . = ALIGN (0x4)
 *(.data*)
 .data.mensagemSOS
                0x200002d0        0x4 CMakeFiles/SOS_MORSE.dir/SOS_MORSE.c.o
                0x200002d0                mensagemSOS
 .data.striped_spin_lock_num
                0x200002d4        0x1 CMakeFiles/SOS_MORSE.dir/home/diego/.pico-sdk/sdk/2.1.0/src/rp2_common/hardware_sync/sync.c.o
 *fill*         0x200002d5        0x3 
 .data.default_alarm_pool
                0x200002d8       0x18 CMakeFiles/SOS_MORSE.dir/home/diego/.pico-sdk/sdk/2.1.0/src/common/pico_time/time.c.o
 *fill*         0x200002f0        0x0 
 .data.aeabi_bits_funcs
                0x200002f0       0x10 CMakeFiles/SOS_MORSE.dir/home/diego/.pico-sdk/sdk/2.1.0/src/rp2_common/pico_bit_ops/bit_ops_aeabi.S.o
                0x200002f0                aeabi_bits_funcs
                0x20000300                aeabi_bits_funcs_end
 .data.aeabi_mem_funcs
                0x20000300       0x10 CMakeFiles/SOS_MORSE.dir/home/diego/.pico-sdk/sdk/2.1.0/src/rp2_common/pico_mem_ops/mem_ops_aeabi.S.o
                0x20000300                aeabi_mem_funcs
                0x20000310                aeabi_mem_funcs_end
                0x20000310                        . = ALIGN (0x4)
 *(.after_data.*)
                0x20000310                        . = ALIGN (0x4)
                0x20000310                        PROVIDE (__mutex_array_start = .)
 *(SORT_BY_NAME(.mutex_array.*))
 *(.mutex_array)
 .mutex_array   0x20000310        0x8 CMakeFiles/SOS_MORSE.dir/home/diego/.pico-sdk/sdk/2.1.0/src/rp2_common/pico_stdio/stdio.c.o
                0x20000318                        PROVIDE (__mutex_array_end = .)
                0x20000318                        . = ALIGN (0x4)
 *(.jcr)
                0x20000318                        . = ALIGN (0x4)

.tm_clone_table
                0x20000318        0x0 load address 0x10001b28
 .tm_clone_table
                0x20000318        0x0 /home/diego/.pico-sdk/toolchain/13_3_Rel1/bin/../lib/gcc/arm-none-eabi/13.3.1/thumb/v6-m/nofp/crtbegin.o
 .tm_clone_table
                0x20000318        0x0 /home/diego/.pico-sdk/toolchain/13_3_Rel1/bin/../lib/gcc/arm-none-eabi/13.3.1/thumb/v6-m/nofp/crtend.o

.igot.plt       0x20000318        0x0 load address 0x10001b28
 .igot.plt      0x20000318        0x0 /home/diego/.pico-sdk/toolchain/13_3_Rel1/bin/../lib/gcc/arm-none-eabi/13.3.1/thumb/v6-m/nofp/crtbegin.o

.tdata          0x20000318        0x0 load address 0x10001b28
                0x20000318                        . = ALIGN (0x4)
 *(.tdata .tdata.* .gnu.linkonce.td.*)
                0x20000318                        __tdata_end = .
                0x20000318                        PROVIDE (__data_end__ = .)
                0x100018d0                        __etext = LOADADDR (.data)

.tbss           0x20000318        0x0 load address 0x10001b28
                0x20000318                        . = ALIGN (0x4)
                0x20000318                        __bss_start__ = .
                0x20000318                        __tls_base = .
 *(.tbss .tbss.* .gnu.linkonce.tb.*)
 *(.tcommon)
                0x20000318                        __tls_end = .

.bss            0x20000318      0x4f4 load address 0x10001b28
                0x20000318                        . = ALIGN (0x4)
                0x20000318                        __tbss_end = .
 *(SORT_BY_ALIGNMENT(SORT_BY_NAME(.bss*)))
 .bss.default_alarm_pool_entries
                0x20000318      0x180 CMakeFiles/SOS_MORSE.dir/home/diego/.pico-sdk/sdk/2.1.0/src/common/pico_time/time.c.o
 .bss.sd_table  0x20000498      0x100 CMakeFiles/SOS_MORSE.dir/home/diego/.pico-sdk/sdk/2.1.0/src/rp2_common/pico_double/double_init_rom_rp2040.c.o
                0x20000498                sd_table
 .bss.boot2_copyout
                0x20000598      0x100 CMakeFiles/SOS_MORSE.dir/home/diego/.pico-sdk/sdk/2.1.0/src/rp2_common/hardware_flash/flash.c.o
 .bss.claimed   0x20000698        0x1 CMakeFiles/SOS_MORSE.dir/home/diego/.pico-sdk/sdk/2.1.0/src/rp2_common/hardware_timer/timer.c.o
 *fill*         0x20000699        0x3 
 .bss.configured_freq
                0x2000069c       0x28 CMakeFiles/SOS_MORSE.dir/home/diego/.pico-sdk/sdk/2.1.0/src/rp2_common/hardware_clocks/clocks.c.o
 .bss.drivers   0x200006c4        0x4 CMakeFiles/SOS_MORSE.dir/home/diego/.pico-sdk/sdk/2.1.0/src/rp2_common/pico_stdio/stdio.c.o
 .bss.filter    0x200006c8        0x4 CMakeFiles/SOS_MORSE.dir/home/diego/.pico-sdk/sdk/2.1.0/src/rp2_common/pico_stdio/stdio.c.o
 .bss.lazy_vsnprintf
                0x200006cc        0x4 CMakeFiles/SOS_MORSE.dir/home/diego/.pico-sdk/sdk/2.1.0/src/rp2_common/pico_printf/printf.c.o
 .bss.object.0  0x200006d0       0x18 /home/diego/.pico-sdk/toolchain/13_3_Rel1/bin/../lib/gcc/arm-none-eabi/13.3.1/thumb/v6-m/nofp/crtbegin.o
 .bss.pools     0x200006e8       0x10 CMakeFiles/SOS_MORSE.dir/home/diego/.pico-sdk/sdk/2.1.0/src/common/pico_time/time.c.o
 .bss.retrieved_id
                0x200006f8        0x8 CMakeFiles/SOS_MORSE.dir/home/diego/.pico-sdk/sdk/2.1.0/src/rp2_common/pico_unique_id/unique_id.c.o
 .bss.sf_clz_func
                0x20000700        0x4 CMakeFiles/SOS_MORSE.dir/home/diego/.pico-sdk/sdk/2.1.0/src/rp2_common/pico_double/double_init_rom_rp2040.c.o
                0x20000700                sf_clz_func
 .bss.sf_table  0x20000704      0x100 CMakeFiles/SOS_MORSE.dir/home/diego/.pico-sdk/sdk/2.1.0/src/rp2_common/pico_float/float_init_rom_rp2040.c.o
                0x20000704                sf_table
 .bss.sleep_notifier
                0x20000804        0x4 CMakeFiles/SOS_MORSE.dir/home/diego/.pico-sdk/sdk/2.1.0/src/common/pico_time/time.c.o
 .bss.boot2_copyout_valid
                0x20000808        0x1 CMakeFiles/SOS_MORSE.dir/home/diego/.pico-sdk/sdk/2.1.0/src/rp2_common/hardware_flash/flash.c.o
 *(COMMON)
                0x2000080c                        . = ALIGN (0x4)
 *fill*         0x20000809        0x3 
                0x2000080c                        __bss_end__ = .

.heap           0x2000080c      0x800 load address 0x10001b28
                0x2000080c                        __end__ = .
                0x2000080c                        end = __end__
 *(.heap*)
 .heap          0x2000080c      0x800 CMakeFiles/SOS_MORSE.dir/home/diego/.pico-sdk/sdk/2.1.0/src/rp2_common/pico_crt0/crt0.S.o
                0x20040000                        __HeapLimit = (ORIGIN (RAM) + LENGTH (RAM))

.scratch_x      0x20040000        0x0 load address 0x10001b28
                0x20040000                        __scratch_x_start__ = .
 *(.scratch_x.*)
                0x20040000                        . = ALIGN (0x4)
                0x20040000                        __scratch_x_end__ = .
                0x10001b28                        __scratch_x_source__ = LOADADDR (.scratch_x)

.scratch_y      0x20041000        0x0 load address 0x10001b28
                0x20041000                        __scratch_y_start__ = .
 *(.scratch_y.*)
                0x20041000                        . = ALIGN (0x4)
                0x20041000                        __scratch_y_end__ = .
                0x10001b28                        __scratch_y_source__ = LOADADDR (.scratch_y)

.stack1_dummy
 *(.stack1*)

.stack_dummy    0x20041000      0x800
 *(.stack*)
 .stack         0x20041000      0x800 CMakeFiles/SOS_MORSE.dir/home/diego/.pico-sdk/sdk/2.1.0/src/rp2_common/pico_crt0/crt0.S.o

.flash_end      0x10001b28        0x0
 *(.embedded_end_block*)
                0x10001b28                        PROVIDE (__flash_binary_end = .)
                0x20040000                        __StackLimit = (ORIGIN (RAM) + LENGTH (RAM))
                0x20041000                        __StackOneTop = (ORIGIN (SCRATCH_X) + LENGTH (SCRATCH_X))
                0x20042000                        __StackTop = (ORIGIN (SCRATCH_Y) + LENGTH (SCRATCH_Y))
                0x20041000                        __StackOneBottom = (__StackOneTop - SIZEOF (.stack1_dummy))
                0x20041800                        __StackBottom = (__StackTop - SIZEOF (.stack_dummy))
                0x20042000                        PROVIDE (__stack = __StackTop)
                [!provide]                        PROVIDE (__heap_start = __end__)
                [!provide]                        PROVIDE (__heap_end = __HeapLimit)
                [!provide]                        PROVIDE (__tls_align = MAX (ALIGNOF (.tdata), ALIGNOF (.tbss)))
                [!provide]                        PROVIDE (__tls_size_align = (((__tls_size + __tls_align) - 0x1) & ~ ((__tls_align - 0x1))))
                [!provide]                        PROVIDE (__arm32_tls_tcb_offset = MAX (0x8, __tls_align))
                [!provide]                        PROVIDE (_end = __end__)
                [!provide]                        PROVIDE (__llvm_libc_heap_limit = __HeapLimit)
                0x00000001                        ASSERT ((__StackLimit >= __HeapLimit), region RAM overflowed)
                0x00000001                        ASSERT (((__binary_info_header_end - __logical_binary_start) <= 0x100), Binary info must be in first 256 bytes of the binary)
LOAD CMakeFiles/SOS_MORSE.dir/SOS_MORSE.c.o
LOAD CMakeFiles/SOS_MORSE.dir/home/diego/.pico-sdk/sdk/2.1.0/src/rp2_common/pico_stdlib/stdlib.c.o
LOAD CMakeFiles/SOS_MORSE.dir/home/diego/.pico-sdk/sdk/2.1.0/src/rp2_common/hardware_gpio/gpio.c.o
LOAD CMakeFiles/SOS_MORSE.dir/home/diego/.pico-sdk/sdk/2.1.0/src/rp2040/pico_platform/platform.c.o
LOAD CMakeFiles/SOS_MORSE.dir/home/diego/.pico-sdk/sdk/2.1.0/src/rp2_common/pico_platform_panic/panic.c.o
LOAD CMakeFiles/SOS_MORSE.dir/home/diego/.pico-sdk/sdk/2.1.0/src/common/hardware_claim/claim.c.o
LOAD CMakeFiles/SOS_MORSE.dir/home/diego/.pico-sdk/sdk/2.1.0/src/rp2_common/hardware_sync/sync.c.o
LOAD CMakeFiles/SOS_MORSE.dir/home/diego/.pico-sdk/sdk/2.1.0/src/rp2_common/hardware_sync_spin_lock/sync_spin_lock.c.o
LOAD CMakeFiles/SOS_MORSE.dir/home/diego/.pico-sdk/sdk/2.1.0/src/rp2_common/hardware_irq/irq.c.o
LOAD CMakeFiles/SOS_MORSE.dir/home/diego/.pico-sdk/sdk/2.1.0/src/rp2_common/hardware_irq/irq_handler_chain.S.o
LOAD CMakeFiles/SOS_MORSE.dir/home/diego/.pico-sdk/sdk/2.1.0/src/common/pico_sync/sem.c.o
LOAD CMakeFiles/SOS_MORSE.dir/home/diego/.pico-sdk/sdk/2.1.0/src/common/pico_sync/lock_core.c.o
LOAD CMakeFiles/SOS_MORSE.dir/home/diego/.pico-sdk/sdk/2.1.0/src/common/pico_sync/mutex.c.o
LOAD CMakeFiles/SOS_MORSE.dir/home/diego/.pico-sdk/sdk/2.1.0/src/common/pico_sync/critical_section.c.o
LOAD CMakeFiles/SOS_MORSE.dir/home/diego/.pico-sdk/sdk/2.1.0/src/common/pico_time/time.c.o
LOAD CMakeFiles/SOS_MORSE.dir/home/diego/.pico-sdk/sdk/2.1.0/src/common/pico_time/timeout_helper.c.o
LOAD CMakeFiles/SOS_MORSE.dir/home/diego/.pico-sdk/sdk/2.1.0/src/rp2_common/hardware_timer/timer.c.o
LOAD CMakeFiles/SOS_MORSE.dir/home/diego/.pico-sdk/sdk/2.1.0/src/common/pico_util/datetime.c.o
LOAD CMakeFiles/SOS_MORSE.dir/home/diego/.pico-sdk/sdk/2.1.0/src/common/pico_util/pheap.c.o
LOAD CMakeFiles/SOS_MORSE.dir/home/diego/.pico-sdk/sdk/2.1.0/src/common/pico_util/queue.c.o
LOAD CMakeFiles/SOS_MORSE.dir/home/diego/.pico-sdk/sdk/2.1.0/src/rp2_common/hardware_uart/uart.c.o
LOAD CMakeFiles/SOS_MORSE.dir/home/diego/.pico-sdk/sdk/2.1.0/src/rp2_common/hardware_clocks/clocks.c.o
LOAD CMakeFiles/SOS_MORSE.dir/home/diego/.pico-sdk/sdk/2.1.0/src/rp2_common/hardware_pll/pll.c.o
LOAD CMakeFiles/SOS_MORSE.dir/home/diego/.pico-sdk/sdk/2.1.0/src/rp2_common/hardware_vreg/vreg.c.o
LOAD CMakeFiles/SOS_MORSE.dir/home/diego/.pico-sdk/sdk/2.1.0/src/rp2_common/hardware_watchdog/watchdog.c.o
LOAD CMakeFiles/SOS_MORSE.dir/home/diego/.pico-sdk/sdk/2.1.0/src/rp2_common/hardware_ticks/ticks.c.o
LOAD CMakeFiles/SOS_MORSE.dir/home/diego/.pico-sdk/sdk/2.1.0/src/rp2_common/pico_bootrom/bootrom.c.o
LOAD CMakeFiles/SOS_MORSE.dir/home/diego/.pico-sdk/sdk/2.1.0/src/rp2_common/pico_bootrom/bootrom_lock.c.o
LOAD CMakeFiles/SOS_MORSE.dir/home/diego/.pico-sdk/sdk/2.1.0/src/rp2_common/hardware_boot_lock/boot_lock.c.o
LOAD CMakeFiles/SOS_MORSE.dir/home/diego/.pico-sdk/sdk/2.1.0/src/rp2_common/pico_flash/flash.c.o
LOAD CMakeFiles/SOS_MORSE.dir/home/diego/.pico-sdk/sdk/2.1.0/src/rp2_common/hardware_xosc/xosc.c.o
LOAD CMakeFiles/SOS_MORSE.dir/home/diego/.pico-sdk/sdk/2.1.0/src/rp2_common/hardware_divider/divider.S.o
LOAD CMakeFiles/SOS_MORSE.dir/home/diego/.pico-sdk/sdk/2.1.0/src/rp2_common/pico_runtime/runtime.c.o
LOAD CMakeFiles/SOS_MORSE.dir/home/diego/.pico-sdk/sdk/2.1.0/src/rp2_common/pico_runtime_init/runtime_init.c.o
LOAD CMakeFiles/SOS_MORSE.dir/home/diego/.pico-sdk/sdk/2.1.0/src/rp2_common/pico_runtime_init/runtime_init_clocks.c.o
LOAD CMakeFiles/SOS_MORSE.dir/home/diego/.pico-sdk/sdk/2.1.0/src/rp2_common/pico_runtime_init/runtime_init_stack_guard.c.o
LOAD CMakeFiles/SOS_MORSE.dir/home/diego/.pico-sdk/sdk/2.1.0/src/rp2_common/pico_bit_ops/bit_ops_aeabi.S.o
LOAD CMakeFiles/SOS_MORSE.dir/home/diego/.pico-sdk/sdk/2.1.0/src/rp2_common/pico_divider/divider_hardware.S.o
LOAD CMakeFiles/SOS_MORSE.dir/home/diego/.pico-sdk/sdk/2.1.0/src/rp2_common/pico_double/double_aeabi_rp2040.S.o
LOAD CMakeFiles/SOS_MORSE.dir/home/diego/.pico-sdk/sdk/2.1.0/src/rp2_common/pico_double/double_init_rom_rp2040.c.o
LOAD CMakeFiles/SOS_MORSE.dir/home/diego/.pico-sdk/sdk/2.1.0/src/rp2_common/pico_double/double_math.c.o
LOAD CMakeFiles/SOS_MORSE.dir/home/diego/.pico-sdk/sdk/2.1.0/src/rp2_common/pico_double/double_v1_rom_shim_rp2040.S.o
LOAD CMakeFiles/SOS_MORSE.dir/home/diego/.pico-sdk/sdk/2.1.0/src/rp2_common/pico_int64_ops/pico_int64_ops_aeabi.S.o
LOAD CMakeFiles/SOS_MORSE.dir/home/diego/.pico-sdk/sdk/2.1.0/src/rp2_common/pico_float/float_aeabi_rp2040.S.o
LOAD CMakeFiles/SOS_MORSE.dir/home/diego/.pico-sdk/sdk/2.1.0/src/rp2_common/pico_float/float_init_rom_rp2040.c.o
LOAD CMakeFiles/SOS_MORSE.dir/home/diego/.pico-sdk/sdk/2.1.0/src/rp2_common/pico_float/float_math.c.o
LOAD CMakeFiles/SOS_MORSE.dir/home/diego/.pico-sdk/sdk/2.1.0/src/rp2_common/pico_float/float_v1_rom_shim_rp2040.S.o
LOAD CMakeFiles/SOS_MORSE.dir/home/diego/.pico-sdk/sdk/2.1.0/src/rp2_common/pico_malloc/malloc.c.o
LOAD CMakeFiles/SOS_MORSE.dir/home/diego/.pico-sdk/sdk/2.1.0/src/rp2_common/pico_mem_ops/mem_ops_aeabi.S.o
LOAD CMakeFiles/SOS_MORSE.dir/home/diego/.pico-sdk/sdk/2.1.0/src/rp2_common/pico_atomic/atomic.c.o
LOAD CMakeFiles/SOS_MORSE.dir/home/diego/.pico-sdk/sdk/2.1.0/src/rp2_common/pico_cxx_options/new_delete.cpp.o
LOAD CMakeFiles/SOS_MORSE.dir/home/diego/.pico-sdk/sdk/2.1.0/src/rp2_common/pico_standard_binary_info/standard_binary_info.c.o
LOAD CMakeFiles/SOS_MORSE.dir/home/diego/.pico-sdk/sdk/2.1.0/src/rp2_common/pico_printf/printf.c.o
LOAD CMakeFiles/SOS_MORSE.dir/home/diego/.pico-sdk/sdk/2.1.0/src/rp2_common/pico_crt0/crt0.S.o
LOAD CMakeFiles/SOS_MORSE.dir/home/diego/.pico-sdk/sdk/2.1.0/src/rp2_common/pico_clib_interface/newlib_interface.c.o
LOAD CMakeFiles/SOS_MORSE.dir/home/diego/.pico-sdk/sdk/2.1.0/src/rp2_common/pico_stdio/stdio.c.o
LOAD CMakeFiles/SOS_MORSE.dir/home/diego/.pico-sdk/sdk/2.1.0/src/rp2_common/pico_stdio_uart/stdio_uart.c.o
LOAD CMakeFiles/SOS_MORSE.dir/home/diego/.pico-sdk/sdk/2.1.0/src/rp2_common/pico_stdio_usb/reset_interface.c.o
LOAD CMakeFiles/SOS_MORSE.dir/home/diego/.pico-sdk/sdk/2.1.0/src/rp2_common/pico_stdio_usb/stdio_usb.c.o
LOAD CMakeFiles/SOS_MORSE.dir/home/diego/.pico-sdk/sdk/2.1.0/src/rp2_common/pico_stdio_usb/stdio_usb_descriptors.c.o
LOAD CMakeFiles/SOS_MORSE.dir/home/diego/.pico-sdk/sdk/2.1.0/src/rp2_common/pico_unique_id/unique_id.c.o
LOAD CMakeFiles/SOS_MORSE.dir/home/diego/.pico-sdk/sdk/2.1.0/src/rp2_common/hardware_flash/flash.c.o
LOAD CMakeFiles/SOS_MORSE.dir/home/diego/.pico-sdk/sdk/2.1.0/src/rp2_common/hardware_xip_cache/xip_cache.c.o
LOAD CMakeFiles/SOS_MORSE.dir/home/diego/.pico-sdk/sdk/2.1.0/lib/tinyusb/src/portable/raspberrypi/rp2040/dcd_rp2040.c.o
LOAD CMakeFiles/SOS_MORSE.dir/home/diego/.pico-sdk/sdk/2.1.0/lib/tinyusb/src/portable/raspberrypi/rp2040/rp2040_usb.c.o
LOAD CMakeFiles/SOS_MORSE.dir/home/diego/.pico-sdk/sdk/2.1.0/lib/tinyusb/src/device/usbd.c.o
LOAD CMakeFiles/SOS_MORSE.dir/home/diego/.pico-sdk/sdk/2.1.0/lib/tinyusb/src/device/usbd_control.c.o
LOAD CMakeFiles/SOS_MORSE.dir/home/diego/.pico-sdk/sdk/2.1.0/lib/tinyusb/src/class/audio/audio_device.c.o
LOAD CMakeFiles/SOS_MORSE.dir/home/diego/.pico-sdk/sdk/2.1.0/lib/tinyusb/src/class/cdc/cdc_device.c.o
LOAD CMakeFiles/SOS_MORSE.dir/home/diego/.pico-sdk/sdk/2.1.0/lib/tinyusb/src/class/dfu/dfu_device.c.o
LOAD CMakeFiles/SOS_MORSE.dir/home/diego/.pico-sdk/sdk/2.1.0/lib/tinyusb/src/class/dfu/dfu_rt_device.c.o
LOAD CMakeFiles/SOS_MORSE.dir/home/diego/.pico-sdk/sdk/2.1.0/lib/tinyusb/src/class/hid/hid_device.c.o
LOAD CMakeFiles/SOS_MORSE.dir/home/diego/.pico-sdk/sdk/2.1.0/lib/tinyusb/src/class/midi/midi_device.c.o
LOAD CMakeFiles/SOS_MORSE.dir/home/diego/.pico-sdk/sdk/2.1.0/lib/tinyusb/src/class/msc/msc_device.c.o
LOAD CMakeFiles/SOS_MORSE.dir/home/diego/.pico-sdk/sdk/2.1.0/lib/tinyusb/src/class/net/ecm_rndis_device.c.o
LOAD CMakeFiles/SOS_MORSE.dir/home/diego/.pico-sdk/sdk/2.1.0/lib/tinyusb/src/class/net/ncm_device.c.o
LOAD CMakeFiles/SOS_MORSE.dir/home/diego/.pico-sdk/sdk/2.1.0/lib/tinyusb/src/class/usbtmc/usbtmc_device.c.o
LOAD CMakeFiles/SOS_MORSE.dir/home/diego/.pico-sdk/sdk/2.1.0/lib/tinyusb/src/class/vendor/vendor_device.c.o
LOAD CMakeFiles/SOS_MORSE.dir/home/diego/.pico-sdk/sdk/2.1.0/lib/tinyusb/src/class/video/video_device.c.o
LOAD CMakeFiles/SOS_MORSE.dir/home/diego/.pico-sdk/sdk/2.1.0/lib/tinyusb/src/tusb.c.o
LOAD CMakeFiles/SOS_MORSE.dir/home/diego/.pico-sdk/sdk/2.1.0/lib/tinyusb/src/common/tusb_fifo.c.o
LOAD CMakeFiles/SOS_MORSE.dir/home/diego/.pico-sdk/sdk/2.1.0/src/rp2_common/pico_fix/rp2040_usb_device_enumeration/rp2040_usb_device_enumeration.c.o
LOAD pico-sdk/src/rp2040/boot_stage2/CMakeFiles/bs2_default_library.dir/./bs2_default_padded_checksummed.S.o
LOAD /home/diego/.pico-sdk/toolchain/13_3_Rel1/bin/../lib/gcc/arm-none-eabi/13.3.1/../../../../arm-none-eabi/lib/thumb/v6-m/nofp/libstdc++.a
LOAD /home/diego/.pico-sdk/toolchain/13_3_Rel1/bin/../lib/gcc/arm-none-eabi/13.3.1/../../../../arm-none-eabi/lib/thumb/v6-m/nofp/libm.a
START GROUP
LOAD /home/diego/.pico-sdk/toolchain/13_3_Rel1/bin/../lib/gcc/arm-none-eabi/13.3.1/thumb/v6-m/nofp/libgcc.a
LOAD /home/diego/.pico-sdk/toolchain/13_3_Rel1/bin/../lib/gcc/arm-none-eabi/13.3.1/../../../../arm-none-eabi/lib/thumb/v6-m/nofp/libg.a
LOAD /home/diego/.pico-sdk/toolchain/13_3_Rel1/bin/../lib/gcc/arm-none-eabi/13.3.1/../../../../arm-none-eabi/lib/thumb/v6-m/nofp/libc.a
END GROUP
START GROUP
LOAD /home/diego/.pico-sdk/toolchain/13_3_Rel1/bin/../lib/gcc/arm-none-eabi/13.3.1/thumb/v6-m/nofp/libgcc.a
LOAD /home/diego/.pico-sdk/toolchain/13_3_Rel1/bin/../lib/gcc/arm-none-eabi/13.3.1/../../../../arm-none-eabi/lib/thumb/v6-m/nofp/libc.a
LOAD /home/diego/.pico-sdk/toolchain/13_3_Rel1/bin/../lib/gcc/arm-none-eabi/13.3.1/../../../../arm-none-eabi/lib/thumb/v6-m/nofp/libnosys.a
END GROUP
LOAD /home/diego/.pico-sdk/toolchain/13_3_Rel1/bin/../lib/gcc/arm-none-eabi/13.3.1/thumb/v6-m/nofp/crtend.o
LOAD /home/diego/.pico-sdk/toolchain/13_3_Rel1/bin/../lib/gcc/arm-none-eabi/13.3.1/thumb/v6-m/nofp/crtn.o
OUTPUT(SOS_MORSE.elf elf32-littlearm)
LOAD linker stubs

.ARM.attributes
                0x00000000       0x28
 .ARM.attributes
                0x00000000       0x1e /home/diego/.pico-sdk/toolchain/13_3_Rel1/bin/../lib/gcc/arm-none-eabi/13.3.1/thumb/v6-m/nofp/crti.o
 .ARM.attributes
                0x0000001e       0x2c /home/diego/.pico-sdk/toolchain/13_3_Rel1/bin/../lib/gcc/arm-none-eabi/13.3.1/thumb/v6-m/nofp/crtbegin.o
 .ARM.attributes
                0x0000004a       0x2c CMakeFiles/SOS_MORSE.dir/SOS_MORSE.c.o
 .ARM.attributes
                0x00000076       0x2c CMakeFiles/SOS_MORSE.dir/home/diego/.pico-sdk/sdk/2.1.0/src/rp2_common/hardware_gpio/gpio.c.o
 .ARM.attributes
                0x000000a2       0x2c CMakeFiles/SOS_MORSE.dir/home/diego/.pico-sdk/sdk/2.1.0/src/rp2_common/pico_platform_panic/panic.c.o
 .ARM.attributes
                0x000000ce       0x2c CMakeFiles/SOS_MORSE.dir/home/diego/.pico-sdk/sdk/2.1.0/src/common/hardware_claim/claim.c.o
 .ARM.attributes
                0x000000fa       0x2c CMakeFiles/SOS_MORSE.dir/home/diego/.pico-sdk/sdk/2.1.0/src/rp2_common/hardware_sync/sync.c.o
 .ARM.attributes
                0x00000126       0x2c CMakeFiles/SOS_MORSE.dir/home/diego/.pico-sdk/sdk/2.1.0/src/rp2_common/hardware_sync_spin_lock/sync_spin_lock.c.o
 .ARM.attributes
                0x00000152       0x2c CMakeFiles/SOS_MORSE.dir/home/diego/.pico-sdk/sdk/2.1.0/src/rp2_common/hardware_irq/irq.c.o
 .ARM.attributes
                0x0000017e       0x2c CMakeFiles/SOS_MORSE.dir/home/diego/.pico-sdk/sdk/2.1.0/src/common/pico_sync/lock_core.c.o
 .ARM.attributes
                0x000001aa       0x2c CMakeFiles/SOS_MORSE.dir/home/diego/.pico-sdk/sdk/2.1.0/src/common/pico_sync/mutex.c.o
 .ARM.attributes
                0x000001d6       0x2c CMakeFiles/SOS_MORSE.dir/home/diego/.pico-sdk/sdk/2.1.0/src/common/pico_time/time.c.o
 .ARM.attributes
                0x00000202       0x2c CMakeFiles/SOS_MORSE.dir/home/diego/.pico-sdk/sdk/2.1.0/src/rp2_common/hardware_timer/timer.c.o
 .ARM.attributes
                0x0000022e       0x2c CMakeFiles/SOS_MORSE.dir/home/diego/.pico-sdk/sdk/2.1.0/src/rp2_common/hardware_clocks/clocks.c.o
 .ARM.attributes
                0x0000025a       0x2c CMakeFiles/SOS_MORSE.dir/home/diego/.pico-sdk/sdk/2.1.0/src/rp2_common/hardware_pll/pll.c.o
 .ARM.attributes
                0x00000286       0x2c CMakeFiles/SOS_MORSE.dir/home/diego/.pico-sdk/sdk/2.1.0/src/rp2_common/hardware_ticks/ticks.c.o
 .ARM.attributes
                0x000002b2       0x2c CMakeFiles/SOS_MORSE.dir/home/diego/.pico-sdk/sdk/2.1.0/src/rp2_common/pico_bootrom/bootrom.c.o
 .ARM.attributes
                0x000002de       0x2c CMakeFiles/SOS_MORSE.dir/home/diego/.pico-sdk/sdk/2.1.0/src/rp2_common/hardware_xosc/xosc.c.o
 .ARM.attributes
                0x0000030a       0x2c CMakeFiles/SOS_MORSE.dir/home/diego/.pico-sdk/sdk/2.1.0/src/rp2_common/pico_runtime/runtime.c.o
 .ARM.attributes
                0x00000336       0x2c CMakeFiles/SOS_MORSE.dir/home/diego/.pico-sdk/sdk/2.1.0/src/rp2_common/pico_runtime_init/runtime_init.c.o
 .ARM.attributes
                0x00000362       0x2c CMakeFiles/SOS_MORSE.dir/home/diego/.pico-sdk/sdk/2.1.0/src/rp2_common/pico_runtime_init/runtime_init_clocks.c.o
 .ARM.attributes
                0x0000038e       0x22 CMakeFiles/SOS_MORSE.dir/home/diego/.pico-sdk/sdk/2.1.0/src/rp2_common/pico_bit_ops/bit_ops_aeabi.S.o
 .ARM.attributes
                0x000003b0       0x22 CMakeFiles/SOS_MORSE.dir/home/diego/.pico-sdk/sdk/2.1.0/src/rp2_common/pico_divider/divider_hardware.S.o
 .ARM.attributes
                0x000003d2       0x22 CMakeFiles/SOS_MORSE.dir/home/diego/.pico-sdk/sdk/2.1.0/src/rp2_common/pico_double/double_aeabi_rp2040.S.o
 .ARM.attributes
                0x000003f4       0x2c CMakeFiles/SOS_MORSE.dir/home/diego/.pico-sdk/sdk/2.1.0/src/rp2_common/pico_double/double_init_rom_rp2040.c.o
 .ARM.attributes
                0x00000420       0x22 CMakeFiles/SOS_MORSE.dir/home/diego/.pico-sdk/sdk/2.1.0/src/rp2_common/pico_double/double_v1_rom_shim_rp2040.S.o
 .ARM.attributes
                0x00000442       0x22 CMakeFiles/SOS_MORSE.dir/home/diego/.pico-sdk/sdk/2.1.0/src/rp2_common/pico_int64_ops/pico_int64_ops_aeabi.S.o
 .ARM.attributes
                0x00000464       0x22 CMakeFiles/SOS_MORSE.dir/home/diego/.pico-sdk/sdk/2.1.0/src/rp2_common/pico_float/float_aeabi_rp2040.S.o
 .ARM.attributes
                0x00000486       0x2c CMakeFiles/SOS_MORSE.dir/home/diego/.pico-sdk/sdk/2.1.0/src/rp2_common/pico_float/float_init_rom_rp2040.c.o
 .ARM.attributes
                0x000004b2       0x22 CMakeFiles/SOS_MORSE.dir/home/diego/.pico-sdk/sdk/2.1.0/src/rp2_common/pico_mem_ops/mem_ops_aeabi.S.o
 .ARM.attributes
                0x000004d4       0x2c CMakeFiles/SOS_MORSE.dir/home/diego/.pico-sdk/sdk/2.1.0/src/rp2_common/pico_standard_binary_info/standard_binary_info.c.o
 .ARM.attributes
                0x00000500       0x2c CMakeFiles/SOS_MORSE.dir/home/diego/.pico-sdk/sdk/2.1.0/src/rp2_common/pico_printf/printf.c.o
 .ARM.attributes
                0x0000052c       0x22 CMakeFiles/SOS_MORSE.dir/home/diego/.pico-sdk/sdk/2.1.0/src/rp2_common/pico_crt0/crt0.S.o
 .ARM.attributes
                0x0000054e       0x2c CMakeFiles/SOS_MORSE.dir/home/diego/.pico-sdk/sdk/2.1.0/src/rp2_common/pico_clib_interface/newlib_interface.c.o
 .ARM.attributes
                0x0000057a       0x2c CMakeFiles/SOS_MORSE.dir/home/diego/.pico-sdk/sdk/2.1.0/src/rp2_common/pico_stdio/stdio.c.o
 .ARM.attributes
                0x000005a6       0x2c CMakeFiles/SOS_MORSE.dir/home/diego/.pico-sdk/sdk/2.1.0/src/rp2_common/pico_unique_id/unique_id.c.o
 .ARM.attributes
                0x000005d2       0x2c CMakeFiles/SOS_MORSE.dir/home/diego/.pico-sdk/sdk/2.1.0/src/rp2_common/hardware_flash/flash.c.o
 .ARM.attributes
                0x000005fe       0x22 pico-sdk/src/rp2040/boot_stage2/CMakeFiles/bs2_default_library.dir/./bs2_default_padded_checksummed.S.o
 .ARM.attributes
                0x00000620       0x1e /home/diego/.pico-sdk/toolchain/13_3_Rel1/bin/../lib/gcc/arm-none-eabi/13.3.1/thumb/v6-m/nofp/libgcc.a(_dvmd_tls.o)
 .ARM.attributes
                0x0000063e       0x2c /home/diego/.pico-sdk/toolchain/13_3_Rel1/bin/../lib/gcc/arm-none-eabi/13.3.1/../../../../arm-none-eabi/lib/thumb/v6-m/nofp/libg.a(libc_a-strlen-stub.o)
 .ARM.attributes
                0x0000066a       0x2c /home/diego/.pico-sdk/toolchain/13_3_Rel1/bin/../lib/gcc/arm-none-eabi/13.3.1/thumb/v6-m/nofp/crtend.o

.comment        0x00000000       0x45
 .comment       0x00000000       0x45 CMakeFiles/SOS_MORSE.dir/SOS_MORSE.c.o
                                 0x46 (size before relaxing)
 .comment       0x00000045       0x46 CMakeFiles/SOS_MORSE.dir/home/diego/.pico-sdk/sdk/2.1.0/src/rp2_common/hardware_gpio/gpio.c.o
 .comment       0x00000045       0x46 CMakeFiles/SOS_MORSE.dir/home/diego/.pico-sdk/sdk/2.1.0/src/rp2_common/pico_platform_panic/panic.c.o
 .comment       0x00000045       0x46 CMakeFiles/SOS_MORSE.dir/home/diego/.pico-sdk/sdk/2.1.0/src/common/hardware_claim/claim.c.o
 .comment       0x00000045       0x46 CMakeFiles/SOS_MORSE.dir/home/diego/.pico-sdk/sdk/2.1.0/src/rp2_common/hardware_sync/sync.c.o
 .comment       0x00000045       0x46 CMakeFiles/SOS_MORSE.dir/home/diego/.pico-sdk/sdk/2.1.0/src/rp2_common/hardware_sync_spin_lock/sync_spin_lock.c.o
 .comment       0x00000045       0x46 CMakeFiles/SOS_MORSE.dir/home/diego/.pico-sdk/sdk/2.1.0/src/rp2_common/hardware_irq/irq.c.o
 .comment       0x00000045       0x46 CMakeFiles/SOS_MORSE.dir/home/diego/.pico-sdk/sdk/2.1.0/src/common/pico_sync/lock_core.c.o
 .comment       0x00000045       0x46 CMakeFiles/SOS_MORSE.dir/home/diego/.pico-sdk/sdk/2.1.0/src/common/pico_sync/mutex.c.o
 .comment       0x00000045       0x46 CMakeFiles/SOS_MORSE.dir/home/diego/.pico-sdk/sdk/2.1.0/src/common/pico_time/time.c.o
 .comment       0x00000045       0x46 CMakeFiles/SOS_MORSE.dir/home/diego/.pico-sdk/sdk/2.1.0/src/rp2_common/hardware_timer/timer.c.o
 .comment       0x00000045       0x46 CMakeFiles/SOS_MORSE.dir/home/diego/.pico-sdk/sdk/2.1.0/src/rp2_common/hardware_clocks/clocks.c.o
 .comment       0x00000045       0x46 CMakeFiles/SOS_MORSE.dir/home/diego/.pico-sdk/sdk/2.1.0/src/rp2_common/hardware_pll/pll.c.o
 .comment       0x00000045       0x46 CMakeFiles/SOS_MORSE.dir/home/diego/.pico-sdk/sdk/2.1.0/src/rp2_common/hardware_ticks/ticks.c.o
 .comment       0x00000045       0x46 CMakeFiles/SOS_MORSE.dir/home/diego/.pico-sdk/sdk/2.1.0/src/rp2_common/pico_bootrom/bootrom.c.o
 .comment       0x00000045       0x46 CMakeFiles/SOS_MORSE.dir/home/diego/.pico-sdk/sdk/2.1.0/src/rp2_common/hardware_xosc/xosc.c.o
 .comment       0x00000045       0x46 CMakeFiles/SOS_MORSE.dir/home/diego/.pico-sdk/sdk/2.1.0/src/rp2_common/pico_runtime/runtime.c.o
 .comment       0x00000045       0x46 CMakeFiles/SOS_MORSE.dir/home/diego/.pico-sdk/sdk/2.1.0/src/rp2_common/pico_runtime_init/runtime_init.c.o
 .comment       0x00000045       0x46 CMakeFiles/SOS_MORSE.dir/home/diego/.pico-sdk/sdk/2.1.0/src/rp2_common/pico_runtime_init/runtime_init_clocks.c.o
 .comment       0x00000045       0x46 CMakeFiles/SOS_MORSE.dir/home/diego/.pico-sdk/sdk/2.1.0/src/rp2_common/pico_double/double_init_rom_rp2040.c.o
 .comment       0x00000045       0x46 CMakeFiles/SOS_MORSE.dir/home/diego/.pico-sdk/sdk/2.1.0/src/rp2_common/pico_float/float_init_rom_rp2040.c.o
 .comment       0x00000045       0x46 CMakeFiles/SOS_MORSE.dir/home/diego/.pico-sdk/sdk/2.1.0/src/rp2_common/pico_standard_binary_info/standard_binary_info.c.o
 .comment       0x00000045       0x46 CMakeFiles/SOS_MORSE.dir/home/diego/.pico-sdk/sdk/2.1.0/src/rp2_common/pico_printf/printf.c.o
 .comment       0x00000045       0x46 CMakeFiles/SOS_MORSE.dir/home/diego/.pico-sdk/sdk/2.1.0/src/rp2_common/pico_clib_interface/newlib_interface.c.o
 .comment       0x00000045       0x46 CMakeFiles/SOS_MORSE.dir/home/diego/.pico-sdk/sdk/2.1.0/src/rp2_common/pico_stdio/stdio.c.o
 .comment       0x00000045       0x46 CMakeFiles/SOS_MORSE.dir/home/diego/.pico-sdk/sdk/2.1.0/src/rp2_common/pico_unique_id/unique_id.c.o
 .comment       0x00000045       0x46 CMakeFiles/SOS_MORSE.dir/home/diego/.pico-sdk/sdk/2.1.0/src/rp2_common/hardware_flash/flash.c.o

.debug_info     0x00000000    0x1b3a7
 .debug_info    0x00000000      0xd85 CMakeFiles/SOS_MORSE.dir/SOS_MORSE.c.o
 .debug_info    0x00000d85     0x2437 CMakeFiles/SOS_MORSE.dir/home/diego/.pico-sdk/sdk/2.1.0/src/rp2_common/hardware_gpio/gpio.c.o
 .debug_info    0x000031bc      0x1bf CMakeFiles/SOS_MORSE.dir/home/diego/.pico-sdk/sdk/2.1.0/src/rp2_common/pico_platform_panic/panic.c.o
 .debug_info    0x0000337b      0x995 CMakeFiles/SOS_MORSE.dir/home/diego/.pico-sdk/sdk/2.1.0/src/common/hardware_claim/claim.c.o
 .debug_info    0x00003d10      0x458 CMakeFiles/SOS_MORSE.dir/home/diego/.pico-sdk/sdk/2.1.0/src/rp2_common/hardware_sync/sync.c.o
 .debug_info    0x00004168      0x245 CMakeFiles/SOS_MORSE.dir/home/diego/.pico-sdk/sdk/2.1.0/src/rp2_common/hardware_sync_spin_lock/sync_spin_lock.c.o
 .debug_info    0x000043ad     0x21a8 CMakeFiles/SOS_MORSE.dir/home/diego/.pico-sdk/sdk/2.1.0/src/rp2_common/hardware_irq/irq.c.o
 .debug_info    0x00006555      0x15f CMakeFiles/SOS_MORSE.dir/home/diego/.pico-sdk/sdk/2.1.0/src/common/pico_sync/lock_core.c.o
 .debug_info    0x000066b4     0x2803 CMakeFiles/SOS_MORSE.dir/home/diego/.pico-sdk/sdk/2.1.0/src/common/pico_sync/mutex.c.o
 .debug_info    0x00008eb7     0x485e CMakeFiles/SOS_MORSE.dir/home/diego/.pico-sdk/sdk/2.1.0/src/common/pico_time/time.c.o
 .debug_info    0x0000d715     0x2b11 CMakeFiles/SOS_MORSE.dir/home/diego/.pico-sdk/sdk/2.1.0/src/rp2_common/hardware_timer/timer.c.o
 .debug_info    0x00010226     0x2935 CMakeFiles/SOS_MORSE.dir/home/diego/.pico-sdk/sdk/2.1.0/src/rp2_common/hardware_clocks/clocks.c.o
 .debug_info    0x00012b5b      0x4e5 CMakeFiles/SOS_MORSE.dir/home/diego/.pico-sdk/sdk/2.1.0/src/rp2_common/hardware_pll/pll.c.o
 .debug_info    0x00013040      0x248 CMakeFiles/SOS_MORSE.dir/home/diego/.pico-sdk/sdk/2.1.0/src/rp2_common/hardware_ticks/ticks.c.o
 .debug_info    0x00013288      0x633 CMakeFiles/SOS_MORSE.dir/home/diego/.pico-sdk/sdk/2.1.0/src/rp2_common/pico_bootrom/bootrom.c.o
 .debug_info    0x000138bb      0x1cc CMakeFiles/SOS_MORSE.dir/home/diego/.pico-sdk/sdk/2.1.0/src/rp2_common/hardware_xosc/xosc.c.o
 .debug_info    0x00013a87      0x21a CMakeFiles/SOS_MORSE.dir/home/diego/.pico-sdk/sdk/2.1.0/src/rp2_common/pico_runtime/runtime.c.o
 .debug_info    0x00013ca1      0x795 CMakeFiles/SOS_MORSE.dir/home/diego/.pico-sdk/sdk/2.1.0/src/rp2_common/pico_runtime_init/runtime_init.c.o
 .debug_info    0x00014436      0x780 CMakeFiles/SOS_MORSE.dir/home/diego/.pico-sdk/sdk/2.1.0/src/rp2_common/pico_runtime_init/runtime_init_clocks.c.o
 .debug_info    0x00014bb6       0x23 CMakeFiles/SOS_MORSE.dir/home/diego/.pico-sdk/sdk/2.1.0/src/rp2_common/pico_bit_ops/bit_ops_aeabi.S.o
 .debug_info    0x00014bd9       0x23 CMakeFiles/SOS_MORSE.dir/home/diego/.pico-sdk/sdk/2.1.0/src/rp2_common/pico_divider/divider_hardware.S.o
 .debug_info    0x00014bfc       0x23 CMakeFiles/SOS_MORSE.dir/home/diego/.pico-sdk/sdk/2.1.0/src/rp2_common/pico_double/double_aeabi_rp2040.S.o
 .debug_info    0x00014c1f      0x2d0 CMakeFiles/SOS_MORSE.dir/home/diego/.pico-sdk/sdk/2.1.0/src/rp2_common/pico_double/double_init_rom_rp2040.c.o
 .debug_info    0x00014eef       0x24 CMakeFiles/SOS_MORSE.dir/home/diego/.pico-sdk/sdk/2.1.0/src/rp2_common/pico_double/double_v1_rom_shim_rp2040.S.o
 .debug_info    0x00014f13       0x24 CMakeFiles/SOS_MORSE.dir/home/diego/.pico-sdk/sdk/2.1.0/src/rp2_common/pico_int64_ops/pico_int64_ops_aeabi.S.o
 .debug_info    0x00014f37       0x23 CMakeFiles/SOS_MORSE.dir/home/diego/.pico-sdk/sdk/2.1.0/src/rp2_common/pico_float/float_aeabi_rp2040.S.o
 .debug_info    0x00014f5a      0x2bc CMakeFiles/SOS_MORSE.dir/home/diego/.pico-sdk/sdk/2.1.0/src/rp2_common/pico_float/float_init_rom_rp2040.c.o
 .debug_info    0x00015216       0x23 CMakeFiles/SOS_MORSE.dir/home/diego/.pico-sdk/sdk/2.1.0/src/rp2_common/pico_mem_ops/mem_ops_aeabi.S.o
 .debug_info    0x00015239      0x2e2 CMakeFiles/SOS_MORSE.dir/home/diego/.pico-sdk/sdk/2.1.0/src/rp2_common/pico_standard_binary_info/standard_binary_info.c.o
 .debug_info    0x0001551b     0x211a CMakeFiles/SOS_MORSE.dir/home/diego/.pico-sdk/sdk/2.1.0/src/rp2_common/pico_printf/printf.c.o
 .debug_info    0x00017635       0x23 CMakeFiles/SOS_MORSE.dir/home/diego/.pico-sdk/sdk/2.1.0/src/rp2_common/pico_crt0/crt0.S.o
 .debug_info    0x00017658      0xb54 CMakeFiles/SOS_MORSE.dir/home/diego/.pico-sdk/sdk/2.1.0/src/rp2_common/pico_clib_interface/newlib_interface.c.o
 .debug_info    0x000181ac     0x1d07 CMakeFiles/SOS_MORSE.dir/home/diego/.pico-sdk/sdk/2.1.0/src/rp2_common/pico_stdio/stdio.c.o
 .debug_info    0x00019eb3      0x201 CMakeFiles/SOS_MORSE.dir/home/diego/.pico-sdk/sdk/2.1.0/src/rp2_common/pico_unique_id/unique_id.c.o
 .debug_info    0x0001a0b4     0x12f3 CMakeFiles/SOS_MORSE.dir/home/diego/.pico-sdk/sdk/2.1.0/src/rp2_common/hardware_flash/flash.c.o

.debug_abbrev   0x00000000     0x4f71
 .debug_abbrev  0x00000000      0x28b CMakeFiles/SOS_MORSE.dir/SOS_MORSE.c.o
 .debug_abbrev  0x0000028b      0x4f9 CMakeFiles/SOS_MORSE.dir/home/diego/.pico-sdk/sdk/2.1.0/src/rp2_common/hardware_gpio/gpio.c.o
 .debug_abbrev  0x00000784      0x12b CMakeFiles/SOS_MORSE.dir/home/diego/.pico-sdk/sdk/2.1.0/src/rp2_common/pico_platform_panic/panic.c.o
 .debug_abbrev  0x000008af      0x33b CMakeFiles/SOS_MORSE.dir/home/diego/.pico-sdk/sdk/2.1.0/src/common/hardware_claim/claim.c.o
 .debug_abbrev  0x00000bea      0x20d CMakeFiles/SOS_MORSE.dir/home/diego/.pico-sdk/sdk/2.1.0/src/rp2_common/hardware_sync/sync.c.o
 .debug_abbrev  0x00000df7      0x1bb CMakeFiles/SOS_MORSE.dir/home/diego/.pico-sdk/sdk/2.1.0/src/rp2_common/hardware_sync_spin_lock/sync_spin_lock.c.o
 .debug_abbrev  0x00000fb2      0x5ff CMakeFiles/SOS_MORSE.dir/home/diego/.pico-sdk/sdk/2.1.0/src/rp2_common/hardware_irq/irq.c.o
 .debug_abbrev  0x000015b1       0xee CMakeFiles/SOS_MORSE.dir/home/diego/.pico-sdk/sdk/2.1.0/src/common/pico_sync/lock_core.c.o
 .debug_abbrev  0x0000169f      0x48c CMakeFiles/SOS_MORSE.dir/home/diego/.pico-sdk/sdk/2.1.0/src/common/pico_sync/mutex.c.o
 .debug_abbrev  0x00001b2b      0x67b CMakeFiles/SOS_MORSE.dir/home/diego/.pico-sdk/sdk/2.1.0/src/common/pico_time/time.c.o
 .debug_abbrev  0x000021a6      0x4f2 CMakeFiles/SOS_MORSE.dir/home/diego/.pico-sdk/sdk/2.1.0/src/rp2_common/hardware_timer/timer.c.o
 .debug_abbrev  0x00002698      0x4e2 CMakeFiles/SOS_MORSE.dir/home/diego/.pico-sdk/sdk/2.1.0/src/rp2_common/hardware_clocks/clocks.c.o
 .debug_abbrev  0x00002b7a      0x1d2 CMakeFiles/SOS_MORSE.dir/home/diego/.pico-sdk/sdk/2.1.0/src/rp2_common/hardware_pll/pll.c.o
 .debug_abbrev  0x00002d4c      0x145 CMakeFiles/SOS_MORSE.dir/home/diego/.pico-sdk/sdk/2.1.0/src/rp2_common/hardware_ticks/ticks.c.o
 .debug_abbrev  0x00002e91      0x1d7 CMakeFiles/SOS_MORSE.dir/home/diego/.pico-sdk/sdk/2.1.0/src/rp2_common/pico_bootrom/bootrom.c.o
 .debug_abbrev  0x00003068      0x11b CMakeFiles/SOS_MORSE.dir/home/diego/.pico-sdk/sdk/2.1.0/src/rp2_common/hardware_xosc/xosc.c.o
 .debug_abbrev  0x00003183      0x182 CMakeFiles/SOS_MORSE.dir/home/diego/.pico-sdk/sdk/2.1.0/src/rp2_common/pico_runtime/runtime.c.o
 .debug_abbrev  0x00003305      0x222 CMakeFiles/SOS_MORSE.dir/home/diego/.pico-sdk/sdk/2.1.0/src/rp2_common/pico_runtime_init/runtime_init.c.o
 .debug_abbrev  0x00003527      0x294 CMakeFiles/SOS_MORSE.dir/home/diego/.pico-sdk/sdk/2.1.0/src/rp2_common/pico_runtime_init/runtime_init_clocks.c.o
 .debug_abbrev  0x000037bb       0x12 CMakeFiles/SOS_MORSE.dir/home/diego/.pico-sdk/sdk/2.1.0/src/rp2_common/pico_bit_ops/bit_ops_aeabi.S.o
 .debug_abbrev  0x000037cd       0x12 CMakeFiles/SOS_MORSE.dir/home/diego/.pico-sdk/sdk/2.1.0/src/rp2_common/pico_divider/divider_hardware.S.o
 .debug_abbrev  0x000037df       0x12 CMakeFiles/SOS_MORSE.dir/home/diego/.pico-sdk/sdk/2.1.0/src/rp2_common/pico_double/double_aeabi_rp2040.S.o
 .debug_abbrev  0x000037f1      0x1bb CMakeFiles/SOS_MORSE.dir/home/diego/.pico-sdk/sdk/2.1.0/src/rp2_common/pico_double/double_init_rom_rp2040.c.o
 .debug_abbrev  0x000039ac       0x14 CMakeFiles/SOS_MORSE.dir/home/diego/.pico-sdk/sdk/2.1.0/src/rp2_common/pico_double/double_v1_rom_shim_rp2040.S.o
 .debug_abbrev  0x000039c0       0x14 CMakeFiles/SOS_MORSE.dir/home/diego/.pico-sdk/sdk/2.1.0/src/rp2_common/pico_int64_ops/pico_int64_ops_aeabi.S.o
 .debug_abbrev  0x000039d4       0x12 CMakeFiles/SOS_MORSE.dir/home/diego/.pico-sdk/sdk/2.1.0/src/rp2_common/pico_float/float_aeabi_rp2040.S.o
 .debug_abbrev  0x000039e6      0x19e CMakeFiles/SOS_MORSE.dir/home/diego/.pico-sdk/sdk/2.1.0/src/rp2_common/pico_float/float_init_rom_rp2040.c.o
 .debug_abbrev  0x00003b84       0x12 CMakeFiles/SOS_MORSE.dir/home/diego/.pico-sdk/sdk/2.1.0/src/rp2_common/pico_mem_ops/mem_ops_aeabi.S.o
 .debug_abbrev  0x00003b96       0xb8 CMakeFiles/SOS_MORSE.dir/home/diego/.pico-sdk/sdk/2.1.0/src/rp2_common/pico_standard_binary_info/standard_binary_info.c.o
 .debug_abbrev  0x00003c4e      0x525 CMakeFiles/SOS_MORSE.dir/home/diego/.pico-sdk/sdk/2.1.0/src/rp2_common/pico_printf/printf.c.o
 .debug_abbrev  0x00004173       0x12 CMakeFiles/SOS_MORSE.dir/home/diego/.pico-sdk/sdk/2.1.0/src/rp2_common/pico_crt0/crt0.S.o
 .debug_abbrev  0x00004185      0x352 CMakeFiles/SOS_MORSE.dir/home/diego/.pico-sdk/sdk/2.1.0/src/rp2_common/pico_clib_interface/newlib_interface.c.o
 .debug_abbrev  0x000044d7      0x5eb CMakeFiles/SOS_MORSE.dir/home/diego/.pico-sdk/sdk/2.1.0/src/rp2_common/pico_stdio/stdio.c.o
 .debug_abbrev  0x00004ac2      0x153 CMakeFiles/SOS_MORSE.dir/home/diego/.pico-sdk/sdk/2.1.0/src/rp2_common/pico_unique_id/unique_id.c.o
 .debug_abbrev  0x00004c15      0x35c CMakeFiles/SOS_MORSE.dir/home/diego/.pico-sdk/sdk/2.1.0/src/rp2_common/hardware_flash/flash.c.o

.debug_loclists
                0x00000000     0xfcda
 .debug_loclists
                0x00000000      0x2d3 CMakeFiles/SOS_MORSE.dir/SOS_MORSE.c.o
 .debug_loclists
                0x000002d3     0x1a03 CMakeFiles/SOS_MORSE.dir/home/diego/.pico-sdk/sdk/2.1.0/src/rp2_common/hardware_gpio/gpio.c.o
 .debug_loclists
                0x00001cd6      0x36e CMakeFiles/SOS_MORSE.dir/home/diego/.pico-sdk/sdk/2.1.0/src/common/hardware_claim/claim.c.o
 .debug_loclists
                0x00002044       0xf1 CMakeFiles/SOS_MORSE.dir/home/diego/.pico-sdk/sdk/2.1.0/src/rp2_common/hardware_sync/sync.c.o
 .debug_loclists
                0x00002135       0x7d CMakeFiles/SOS_MORSE.dir/home/diego/.pico-sdk/sdk/2.1.0/src/rp2_common/hardware_sync_spin_lock/sync_spin_lock.c.o
 .debug_loclists
                0x000021b2     0x116f CMakeFiles/SOS_MORSE.dir/home/diego/.pico-sdk/sdk/2.1.0/src/rp2_common/hardware_irq/irq.c.o
 .debug_loclists
                0x00003321       0x41 CMakeFiles/SOS_MORSE.dir/home/diego/.pico-sdk/sdk/2.1.0/src/common/pico_sync/lock_core.c.o
 .debug_loclists
                0x00003362      0xafa CMakeFiles/SOS_MORSE.dir/home/diego/.pico-sdk/sdk/2.1.0/src/common/pico_sync/mutex.c.o
 .debug_loclists
                0x00003e5c     0x24bd CMakeFiles/SOS_MORSE.dir/home/diego/.pico-sdk/sdk/2.1.0/src/common/pico_time/time.c.o
 .debug_loclists
                0x00006319     0x1a12 CMakeFiles/SOS_MORSE.dir/home/diego/.pico-sdk/sdk/2.1.0/src/rp2_common/hardware_timer/timer.c.o
 .debug_loclists
                0x00007d2b     0x28a5 CMakeFiles/SOS_MORSE.dir/home/diego/.pico-sdk/sdk/2.1.0/src/rp2_common/hardware_clocks/clocks.c.o
 .debug_loclists
                0x0000a5d0      0x1e0 CMakeFiles/SOS_MORSE.dir/home/diego/.pico-sdk/sdk/2.1.0/src/rp2_common/hardware_pll/pll.c.o
 .debug_loclists
                0x0000a7b0       0x47 CMakeFiles/SOS_MORSE.dir/home/diego/.pico-sdk/sdk/2.1.0/src/rp2_common/hardware_ticks/ticks.c.o
 .debug_loclists
                0x0000a7f7      0x38a CMakeFiles/SOS_MORSE.dir/home/diego/.pico-sdk/sdk/2.1.0/src/rp2_common/pico_bootrom/bootrom.c.o
 .debug_loclists
                0x0000ab81       0x48 CMakeFiles/SOS_MORSE.dir/home/diego/.pico-sdk/sdk/2.1.0/src/rp2_common/hardware_xosc/xosc.c.o
 .debug_loclists
                0x0000abc9       0x7e CMakeFiles/SOS_MORSE.dir/home/diego/.pico-sdk/sdk/2.1.0/src/rp2_common/pico_runtime/runtime.c.o
 .debug_loclists
                0x0000ac47       0xba CMakeFiles/SOS_MORSE.dir/home/diego/.pico-sdk/sdk/2.1.0/src/rp2_common/pico_runtime_init/runtime_init.c.o
 .debug_loclists
                0x0000ad01       0x74 CMakeFiles/SOS_MORSE.dir/home/diego/.pico-sdk/sdk/2.1.0/src/rp2_common/pico_runtime_init/runtime_init_clocks.c.o
 .debug_loclists
                0x0000ad75       0x35 CMakeFiles/SOS_MORSE.dir/home/diego/.pico-sdk/sdk/2.1.0/src/rp2_common/pico_double/double_init_rom_rp2040.c.o
 .debug_loclists
                0x0000adaa       0x4e CMakeFiles/SOS_MORSE.dir/home/diego/.pico-sdk/sdk/2.1.0/src/rp2_common/pico_float/float_init_rom_rp2040.c.o
 .debug_loclists
                0x0000adf8     0x2f65 CMakeFiles/SOS_MORSE.dir/home/diego/.pico-sdk/sdk/2.1.0/src/rp2_common/pico_printf/printf.c.o
 .debug_loclists
                0x0000dd5d      0x431 CMakeFiles/SOS_MORSE.dir/home/diego/.pico-sdk/sdk/2.1.0/src/rp2_common/pico_clib_interface/newlib_interface.c.o
 .debug_loclists
                0x0000e18e      0xeb2 CMakeFiles/SOS_MORSE.dir/home/diego/.pico-sdk/sdk/2.1.0/src/rp2_common/pico_stdio/stdio.c.o
 .debug_loclists
                0x0000f040      0x3d5 CMakeFiles/SOS_MORSE.dir/home/diego/.pico-sdk/sdk/2.1.0/src/rp2_common/pico_unique_id/unique_id.c.o
 .debug_loclists
                0x0000f415      0x8c5 CMakeFiles/SOS_MORSE.dir/home/diego/.pico-sdk/sdk/2.1.0/src/rp2_common/hardware_flash/flash.c.o

.debug_aranges  0x00000000      0xe00
 .debug_aranges
                0x00000000       0x30 CMakeFiles/SOS_MORSE.dir/SOS_MORSE.c.o
 .debug_aranges
                0x00000030      0x120 CMakeFiles/SOS_MORSE.dir/home/diego/.pico-sdk/sdk/2.1.0/src/rp2_common/hardware_gpio/gpio.c.o
 .debug_aranges
                0x00000150       0x28 CMakeFiles/SOS_MORSE.dir/home/diego/.pico-sdk/sdk/2.1.0/src/rp2_common/pico_platform_panic/panic.c.o
 .debug_aranges
                0x00000178       0x48 CMakeFiles/SOS_MORSE.dir/home/diego/.pico-sdk/sdk/2.1.0/src/common/hardware_claim/claim.c.o
 .debug_aranges
                0x000001c0       0x48 CMakeFiles/SOS_MORSE.dir/home/diego/.pico-sdk/sdk/2.1.0/src/rp2_common/hardware_sync/sync.c.o
 .debug_aranges
                0x00000208       0x28 CMakeFiles/SOS_MORSE.dir/home/diego/.pico-sdk/sdk/2.1.0/src/rp2_common/hardware_sync_spin_lock/sync_spin_lock.c.o
 .debug_aranges
                0x00000230       0xb0 CMakeFiles/SOS_MORSE.dir/home/diego/.pico-sdk/sdk/2.1.0/src/rp2_common/hardware_irq/irq.c.o
 .debug_aranges
                0x000002e0       0x20 CMakeFiles/SOS_MORSE.dir/home/diego/.pico-sdk/sdk/2.1.0/src/common/pico_sync/lock_core.c.o
 .debug_aranges
                0x00000300       0x98 CMakeFiles/SOS_MORSE.dir/home/diego/.pico-sdk/sdk/2.1.0/src/common/pico_sync/mutex.c.o
 .debug_aranges
                0x00000398       0xe0 CMakeFiles/SOS_MORSE.dir/home/diego/.pico-sdk/sdk/2.1.0/src/common/pico_time/time.c.o
 .debug_aranges
                0x00000478       0xf0 CMakeFiles/SOS_MORSE.dir/home/diego/.pico-sdk/sdk/2.1.0/src/rp2_common/hardware_timer/timer.c.o
 .debug_aranges
                0x00000568       0x90 CMakeFiles/SOS_MORSE.dir/home/diego/.pico-sdk/sdk/2.1.0/src/rp2_common/hardware_clocks/clocks.c.o
 .debug_aranges
                0x000005f8       0x28 CMakeFiles/SOS_MORSE.dir/home/diego/.pico-sdk/sdk/2.1.0/src/rp2_common/hardware_pll/pll.c.o
 .debug_aranges
                0x00000620       0x30 CMakeFiles/SOS_MORSE.dir/home/diego/.pico-sdk/sdk/2.1.0/src/rp2_common/hardware_ticks/ticks.c.o
 .debug_aranges
                0x00000650       0x40 CMakeFiles/SOS_MORSE.dir/home/diego/.pico-sdk/sdk/2.1.0/src/rp2_common/pico_bootrom/bootrom.c.o
 .debug_aranges
                0x00000690       0x30 CMakeFiles/SOS_MORSE.dir/home/diego/.pico-sdk/sdk/2.1.0/src/rp2_common/hardware_xosc/xosc.c.o
 .debug_aranges
                0x000006c0       0x38 CMakeFiles/SOS_MORSE.dir/home/diego/.pico-sdk/sdk/2.1.0/src/rp2_common/pico_runtime/runtime.c.o
 .debug_aranges
                0x000006f8       0x48 CMakeFiles/SOS_MORSE.dir/home/diego/.pico-sdk/sdk/2.1.0/src/rp2_common/pico_runtime_init/runtime_init.c.o
 .debug_aranges
                0x00000740       0x20 CMakeFiles/SOS_MORSE.dir/home/diego/.pico-sdk/sdk/2.1.0/src/rp2_common/pico_runtime_init/runtime_init_clocks.c.o
 .debug_aranges
                0x00000760       0x60 CMakeFiles/SOS_MORSE.dir/home/diego/.pico-sdk/sdk/2.1.0/src/rp2_common/pico_bit_ops/bit_ops_aeabi.S.o
 .debug_aranges
                0x000007c0       0x40 CMakeFiles/SOS_MORSE.dir/home/diego/.pico-sdk/sdk/2.1.0/src/rp2_common/pico_divider/divider_hardware.S.o
 .debug_aranges
                0x00000800      0x140 CMakeFiles/SOS_MORSE.dir/home/diego/.pico-sdk/sdk/2.1.0/src/rp2_common/pico_double/double_aeabi_rp2040.S.o
 .debug_aranges
                0x00000940       0x28 CMakeFiles/SOS_MORSE.dir/home/diego/.pico-sdk/sdk/2.1.0/src/rp2_common/pico_double/double_init_rom_rp2040.c.o
 .debug_aranges
                0x00000968       0x20 CMakeFiles/SOS_MORSE.dir/home/diego/.pico-sdk/sdk/2.1.0/src/rp2_common/pico_double/double_v1_rom_shim_rp2040.S.o
 .debug_aranges
                0x00000988       0x20 CMakeFiles/SOS_MORSE.dir/home/diego/.pico-sdk/sdk/2.1.0/src/rp2_common/pico_int64_ops/pico_int64_ops_aeabi.S.o
 .debug_aranges
                0x000009a8      0x130 CMakeFiles/SOS_MORSE.dir/home/diego/.pico-sdk/sdk/2.1.0/src/rp2_common/pico_float/float_aeabi_rp2040.S.o
 .debug_aranges
                0x00000ad8       0x28 CMakeFiles/SOS_MORSE.dir/home/diego/.pico-sdk/sdk/2.1.0/src/rp2_common/pico_float/float_init_rom_rp2040.c.o
 .debug_aranges
                0x00000b00       0x38 CMakeFiles/SOS_MORSE.dir/home/diego/.pico-sdk/sdk/2.1.0/src/rp2_common/pico_mem_ops/mem_ops_aeabi.S.o
 .debug_aranges
                0x00000b38       0x18 CMakeFiles/SOS_MORSE.dir/home/diego/.pico-sdk/sdk/2.1.0/src/rp2_common/pico_standard_binary_info/standard_binary_info.c.o
 .debug_aranges
                0x00000b50       0x90 CMakeFiles/SOS_MORSE.dir/home/diego/.pico-sdk/sdk/2.1.0/src/rp2_common/pico_printf/printf.c.o
 .debug_aranges
                0x00000be0       0x28 CMakeFiles/SOS_MORSE.dir/home/diego/.pico-sdk/sdk/2.1.0/src/rp2_common/pico_crt0/crt0.S.o
 .debug_aranges
                0x00000c08       0xa0 CMakeFiles/SOS_MORSE.dir/home/diego/.pico-sdk/sdk/2.1.0/src/rp2_common/pico_clib_interface/newlib_interface.c.o
 .debug_aranges
                0x00000ca8       0xc8 CMakeFiles/SOS_MORSE.dir/home/diego/.pico-sdk/sdk/2.1.0/src/rp2_common/pico_stdio/stdio.c.o
 .debug_aranges
                0x00000d70       0x30 CMakeFiles/SOS_MORSE.dir/home/diego/.pico-sdk/sdk/2.1.0/src/rp2_common/pico_unique_id/unique_id.c.o
 .debug_aranges
                0x00000da0       0x60 CMakeFiles/SOS_MORSE.dir/home/diego/.pico-sdk/sdk/2.1.0/src/rp2_common/hardware_flash/flash.c.o

.debug_rnglists
                0x00000000     0x2b62
 .debug_rnglists
                0x00000000       0xe0 CMakeFiles/SOS_MORSE.dir/SOS_MORSE.c.o
 .debug_rnglists
                0x000000e0      0x5c7 CMakeFiles/SOS_MORSE.dir/home/diego/.pico-sdk/sdk/2.1.0/src/rp2_common/hardware_gpio/gpio.c.o
 .debug_rnglists
                0x000006a7       0x19 CMakeFiles/SOS_MORSE.dir/home/diego/.pico-sdk/sdk/2.1.0/src/rp2_common/pico_platform_panic/panic.c.o
 .debug_rnglists
                0x000006c0       0xc5 CMakeFiles/SOS_MORSE.dir/home/diego/.pico-sdk/sdk/2.1.0/src/common/hardware_claim/claim.c.o
 .debug_rnglists
                0x00000785       0x67 CMakeFiles/SOS_MORSE.dir/home/diego/.pico-sdk/sdk/2.1.0/src/rp2_common/hardware_sync/sync.c.o
 .debug_rnglists
                0x000007ec       0x3d CMakeFiles/SOS_MORSE.dir/home/diego/.pico-sdk/sdk/2.1.0/src/rp2_common/hardware_sync_spin_lock/sync_spin_lock.c.o
 .debug_rnglists
                0x00000829      0x355 CMakeFiles/SOS_MORSE.dir/home/diego/.pico-sdk/sdk/2.1.0/src/rp2_common/hardware_irq/irq.c.o
 .debug_rnglists
                0x00000b7e       0x1f CMakeFiles/SOS_MORSE.dir/home/diego/.pico-sdk/sdk/2.1.0/src/common/pico_sync/lock_core.c.o
 .debug_rnglists
                0x00000b9d      0x32c CMakeFiles/SOS_MORSE.dir/home/diego/.pico-sdk/sdk/2.1.0/src/common/pico_sync/mutex.c.o
 .debug_rnglists
                0x00000ec9      0x77c CMakeFiles/SOS_MORSE.dir/home/diego/.pico-sdk/sdk/2.1.0/src/common/pico_time/time.c.o
 .debug_rnglists
                0x00001645      0x2c6 CMakeFiles/SOS_MORSE.dir/home/diego/.pico-sdk/sdk/2.1.0/src/rp2_common/hardware_timer/timer.c.o
 .debug_rnglists
                0x0000190b      0x4ad CMakeFiles/SOS_MORSE.dir/home/diego/.pico-sdk/sdk/2.1.0/src/rp2_common/hardware_clocks/clocks.c.o
 .debug_rnglists
                0x00001db8       0x5c CMakeFiles/SOS_MORSE.dir/home/diego/.pico-sdk/sdk/2.1.0/src/rp2_common/hardware_pll/pll.c.o
 .debug_rnglists
                0x00001e14       0x2b CMakeFiles/SOS_MORSE.dir/home/diego/.pico-sdk/sdk/2.1.0/src/rp2_common/hardware_ticks/ticks.c.o
 .debug_rnglists
                0x00001e3f      0x10c CMakeFiles/SOS_MORSE.dir/home/diego/.pico-sdk/sdk/2.1.0/src/rp2_common/pico_bootrom/bootrom.c.o
 .debug_rnglists
                0x00001f4b       0x2b CMakeFiles/SOS_MORSE.dir/home/diego/.pico-sdk/sdk/2.1.0/src/rp2_common/hardware_xosc/xosc.c.o
 .debug_rnglists
                0x00001f76       0x3d CMakeFiles/SOS_MORSE.dir/home/diego/.pico-sdk/sdk/2.1.0/src/rp2_common/pico_runtime/runtime.c.o
 .debug_rnglists
                0x00001fb3       0x49 CMakeFiles/SOS_MORSE.dir/home/diego/.pico-sdk/sdk/2.1.0/src/rp2_common/pico_runtime_init/runtime_init.c.o
 .debug_rnglists
                0x00001ffc       0x20 CMakeFiles/SOS_MORSE.dir/home/diego/.pico-sdk/sdk/2.1.0/src/rp2_common/pico_runtime_init/runtime_init_clocks.c.o
 .debug_rnglists
                0x0000201c       0x43 CMakeFiles/SOS_MORSE.dir/home/diego/.pico-sdk/sdk/2.1.0/src/rp2_common/pico_bit_ops/bit_ops_aeabi.S.o
 .debug_rnglists
                0x0000205f       0x2c CMakeFiles/SOS_MORSE.dir/home/diego/.pico-sdk/sdk/2.1.0/src/rp2_common/pico_divider/divider_hardware.S.o
 .debug_rnglists
                0x0000208b       0xec CMakeFiles/SOS_MORSE.dir/home/diego/.pico-sdk/sdk/2.1.0/src/rp2_common/pico_double/double_aeabi_rp2040.S.o
 .debug_rnglists
                0x00002177       0x1a CMakeFiles/SOS_MORSE.dir/home/diego/.pico-sdk/sdk/2.1.0/src/rp2_common/pico_double/double_init_rom_rp2040.c.o
 .debug_rnglists
                0x00002191       0xdf CMakeFiles/SOS_MORSE.dir/home/diego/.pico-sdk/sdk/2.1.0/src/rp2_common/pico_float/float_aeabi_rp2040.S.o
 .debug_rnglists
                0x00002270       0x19 CMakeFiles/SOS_MORSE.dir/home/diego/.pico-sdk/sdk/2.1.0/src/rp2_common/pico_float/float_init_rom_rp2040.c.o
 .debug_rnglists
                0x00002289       0x25 CMakeFiles/SOS_MORSE.dir/home/diego/.pico-sdk/sdk/2.1.0/src/rp2_common/pico_mem_ops/mem_ops_aeabi.S.o
 .debug_rnglists
                0x000022ae      0x27c CMakeFiles/SOS_MORSE.dir/home/diego/.pico-sdk/sdk/2.1.0/src/rp2_common/pico_printf/printf.c.o
 .debug_rnglists
                0x0000252a       0x1b CMakeFiles/SOS_MORSE.dir/home/diego/.pico-sdk/sdk/2.1.0/src/rp2_common/pico_crt0/crt0.S.o
 .debug_rnglists
                0x00002545       0x7f CMakeFiles/SOS_MORSE.dir/home/diego/.pico-sdk/sdk/2.1.0/src/rp2_common/pico_clib_interface/newlib_interface.c.o
 .debug_rnglists
                0x000025c4      0x297 CMakeFiles/SOS_MORSE.dir/home/diego/.pico-sdk/sdk/2.1.0/src/rp2_common/pico_stdio/stdio.c.o
 .debug_rnglists
                0x0000285b       0x70 CMakeFiles/SOS_MORSE.dir/home/diego/.pico-sdk/sdk/2.1.0/src/rp2_common/pico_unique_id/unique_id.c.o
 .debug_rnglists
                0x000028cb      0x297 CMakeFiles/SOS_MORSE.dir/home/diego/.pico-sdk/sdk/2.1.0/src/rp2_common/hardware_flash/flash.c.o

.debug_line     0x00000000    0x158ae
 .debug_line    0x00000000      0x769 CMakeFiles/SOS_MORSE.dir/SOS_MORSE.c.o
 .debug_line    0x00000769     0x1c79 CMakeFiles/SOS_MORSE.dir/home/diego/.pico-sdk/sdk/2.1.0/src/rp2_common/hardware_gpio/gpio.c.o
 .debug_line    0x000023e2      0x278 CMakeFiles/SOS_MORSE.dir/home/diego/.pico-sdk/sdk/2.1.0/src/rp2_common/pico_platform_panic/panic.c.o
 .debug_line    0x0000265a      0x912 CMakeFiles/SOS_MORSE.dir/home/diego/.pico-sdk/sdk/2.1.0/src/common/hardware_claim/claim.c.o
 .debug_line    0x00002f6c      0x4ba CMakeFiles/SOS_MORSE.dir/home/diego/.pico-sdk/sdk/2.1.0/src/rp2_common/hardware_sync/sync.c.o
 .debug_line    0x00003426      0x3a5 CMakeFiles/SOS_MORSE.dir/home/diego/.pico-sdk/sdk/2.1.0/src/rp2_common/hardware_sync_spin_lock/sync_spin_lock.c.o
 .debug_line    0x000037cb     0x16f2 CMakeFiles/SOS_MORSE.dir/home/diego/.pico-sdk/sdk/2.1.0/src/rp2_common/hardware_irq/irq.c.o
 .debug_line    0x00004ebd      0x2d0 CMakeFiles/SOS_MORSE.dir/home/diego/.pico-sdk/sdk/2.1.0/src/common/pico_sync/lock_core.c.o
 .debug_line    0x0000518d     0x1b04 CMakeFiles/SOS_MORSE.dir/home/diego/.pico-sdk/sdk/2.1.0/src/common/pico_sync/mutex.c.o
 .debug_line    0x00006c91     0x3100 CMakeFiles/SOS_MORSE.dir/home/diego/.pico-sdk/sdk/2.1.0/src/common/pico_time/time.c.o
 .debug_line    0x00009d91     0x1d0d CMakeFiles/SOS_MORSE.dir/home/diego/.pico-sdk/sdk/2.1.0/src/rp2_common/hardware_timer/timer.c.o
 .debug_line    0x0000ba9e     0x1dec CMakeFiles/SOS_MORSE.dir/home/diego/.pico-sdk/sdk/2.1.0/src/rp2_common/hardware_clocks/clocks.c.o
 .debug_line    0x0000d88a      0x4e5 CMakeFiles/SOS_MORSE.dir/home/diego/.pico-sdk/sdk/2.1.0/src/rp2_common/hardware_pll/pll.c.o
 .debug_line    0x0000dd6f      0x32f CMakeFiles/SOS_MORSE.dir/home/diego/.pico-sdk/sdk/2.1.0/src/rp2_common/hardware_ticks/ticks.c.o
 .debug_line    0x0000e09e      0x46f CMakeFiles/SOS_MORSE.dir/home/diego/.pico-sdk/sdk/2.1.0/src/rp2_common/pico_bootrom/bootrom.c.o
 .debug_line    0x0000e50d      0x348 CMakeFiles/SOS_MORSE.dir/home/diego/.pico-sdk/sdk/2.1.0/src/rp2_common/hardware_xosc/xosc.c.o
 .debug_line    0x0000e855      0x307 CMakeFiles/SOS_MORSE.dir/home/diego/.pico-sdk/sdk/2.1.0/src/rp2_common/pico_runtime/runtime.c.o
 .debug_line    0x0000eb5c      0x527 CMakeFiles/SOS_MORSE.dir/home/diego/.pico-sdk/sdk/2.1.0/src/rp2_common/pico_runtime_init/runtime_init.c.o
 .debug_line    0x0000f083      0x543 CMakeFiles/SOS_MORSE.dir/home/diego/.pico-sdk/sdk/2.1.0/src/rp2_common/pico_runtime_init/runtime_init_clocks.c.o
 .debug_line    0x0000f5c6      0x107 CMakeFiles/SOS_MORSE.dir/home/diego/.pico-sdk/sdk/2.1.0/src/rp2_common/pico_bit_ops/bit_ops_aeabi.S.o
 .debug_line    0x0000f6cd      0x2a9 CMakeFiles/SOS_MORSE.dir/home/diego/.pico-sdk/sdk/2.1.0/src/rp2_common/pico_divider/divider_hardware.S.o
 .debug_line    0x0000f976      0x3f3 CMakeFiles/SOS_MORSE.dir/home/diego/.pico-sdk/sdk/2.1.0/src/rp2_common/pico_double/double_aeabi_rp2040.S.o
 .debug_line    0x0000fd69      0x54d CMakeFiles/SOS_MORSE.dir/home/diego/.pico-sdk/sdk/2.1.0/src/rp2_common/pico_double/double_init_rom_rp2040.c.o
 .debug_line    0x000102b6       0x5d CMakeFiles/SOS_MORSE.dir/home/diego/.pico-sdk/sdk/2.1.0/src/rp2_common/pico_double/double_v1_rom_shim_rp2040.S.o
 .debug_line    0x00010313       0x61 CMakeFiles/SOS_MORSE.dir/home/diego/.pico-sdk/sdk/2.1.0/src/rp2_common/pico_int64_ops/pico_int64_ops_aeabi.S.o
 .debug_line    0x00010374      0x3a8 CMakeFiles/SOS_MORSE.dir/home/diego/.pico-sdk/sdk/2.1.0/src/rp2_common/pico_float/float_aeabi_rp2040.S.o
 .debug_line    0x0001071c      0x409 CMakeFiles/SOS_MORSE.dir/home/diego/.pico-sdk/sdk/2.1.0/src/rp2_common/pico_float/float_init_rom_rp2040.c.o
 .debug_line    0x00010b25       0x94 CMakeFiles/SOS_MORSE.dir/home/diego/.pico-sdk/sdk/2.1.0/src/rp2_common/pico_mem_ops/mem_ops_aeabi.S.o
 .debug_line    0x00010bb9      0x1e6 CMakeFiles/SOS_MORSE.dir/home/diego/.pico-sdk/sdk/2.1.0/src/rp2_common/pico_standard_binary_info/standard_binary_info.c.o
 .debug_line    0x00010d9f     0x1b7a CMakeFiles/SOS_MORSE.dir/home/diego/.pico-sdk/sdk/2.1.0/src/rp2_common/pico_printf/printf.c.o
 .debug_line    0x00012919       0xa5 CMakeFiles/SOS_MORSE.dir/home/diego/.pico-sdk/sdk/2.1.0/src/rp2_common/pico_crt0/crt0.S.o
 .debug_line    0x000129be      0x84c CMakeFiles/SOS_MORSE.dir/home/diego/.pico-sdk/sdk/2.1.0/src/rp2_common/pico_clib_interface/newlib_interface.c.o
 .debug_line    0x0001320a     0x1519 CMakeFiles/SOS_MORSE.dir/home/diego/.pico-sdk/sdk/2.1.0/src/rp2_common/pico_stdio/stdio.c.o
 .debug_line    0x00014723      0x652 CMakeFiles/SOS_MORSE.dir/home/diego/.pico-sdk/sdk/2.1.0/src/rp2_common/pico_unique_id/unique_id.c.o
 .debug_line    0x00014d75      0xb39 CMakeFiles/SOS_MORSE.dir/home/diego/.pico-sdk/sdk/2.1.0/src/rp2_common/hardware_flash/flash.c.o

.debug_str      0x00000000     0x476b
 .debug_str     0x00000000     0x476b CMakeFiles/SOS_MORSE.dir/SOS_MORSE.c.o
                                0x83e (size before relaxing)
 .debug_str     0x0000476b      0xc78 CMakeFiles/SOS_MORSE.dir/home/diego/.pico-sdk/sdk/2.1.0/src/rp2_common/hardware_gpio/gpio.c.o
 .debug_str     0x0000476b      0x203 CMakeFiles/SOS_MORSE.dir/home/diego/.pico-sdk/sdk/2.1.0/src/rp2_common/pico_platform_panic/panic.c.o
 .debug_str     0x0000476b      0x386 CMakeFiles/SOS_MORSE.dir/home/diego/.pico-sdk/sdk/2.1.0/src/common/hardware_claim/claim.c.o
 .debug_str     0x0000476b      0x32f CMakeFiles/SOS_MORSE.dir/home/diego/.pico-sdk/sdk/2.1.0/src/rp2_common/hardware_sync/sync.c.o
 .debug_str     0x0000476b      0x242 CMakeFiles/SOS_MORSE.dir/home/diego/.pico-sdk/sdk/2.1.0/src/rp2_common/hardware_sync_spin_lock/sync_spin_lock.c.o
 .debug_str     0x0000476b      0xa66 CMakeFiles/SOS_MORSE.dir/home/diego/.pico-sdk/sdk/2.1.0/src/rp2_common/hardware_irq/irq.c.o
 .debug_str     0x0000476b      0x20e CMakeFiles/SOS_MORSE.dir/home/diego/.pico-sdk/sdk/2.1.0/src/common/pico_sync/lock_core.c.o
 .debug_str     0x0000476b      0x7a1 CMakeFiles/SOS_MORSE.dir/home/diego/.pico-sdk/sdk/2.1.0/src/common/pico_sync/mutex.c.o
 .debug_str     0x0000476b     0x119e CMakeFiles/SOS_MORSE.dir/home/diego/.pico-sdk/sdk/2.1.0/src/common/pico_time/time.c.o
 .debug_str     0x0000476b      0x9e9 CMakeFiles/SOS_MORSE.dir/home/diego/.pico-sdk/sdk/2.1.0/src/rp2_common/hardware_timer/timer.c.o
 .debug_str     0x0000476b      0x998 CMakeFiles/SOS_MORSE.dir/home/diego/.pico-sdk/sdk/2.1.0/src/rp2_common/hardware_clocks/clocks.c.o
 .debug_str     0x0000476b      0x461 CMakeFiles/SOS_MORSE.dir/home/diego/.pico-sdk/sdk/2.1.0/src/rp2_common/hardware_pll/pll.c.o
 .debug_str     0x0000476b      0x290 CMakeFiles/SOS_MORSE.dir/home/diego/.pico-sdk/sdk/2.1.0/src/rp2_common/hardware_ticks/ticks.c.o
 .debug_str     0x0000476b      0x33e CMakeFiles/SOS_MORSE.dir/home/diego/.pico-sdk/sdk/2.1.0/src/rp2_common/pico_bootrom/bootrom.c.o
 .debug_str     0x0000476b      0x245 CMakeFiles/SOS_MORSE.dir/home/diego/.pico-sdk/sdk/2.1.0/src/rp2_common/hardware_xosc/xosc.c.o
 .debug_str     0x0000476b      0x295 CMakeFiles/SOS_MORSE.dir/home/diego/.pico-sdk/sdk/2.1.0/src/rp2_common/pico_runtime/runtime.c.o
 .debug_str     0x0000476b      0x789 CMakeFiles/SOS_MORSE.dir/home/diego/.pico-sdk/sdk/2.1.0/src/rp2_common/pico_runtime_init/runtime_init.c.o
 .debug_str     0x0000476b      0x49d CMakeFiles/SOS_MORSE.dir/home/diego/.pico-sdk/sdk/2.1.0/src/rp2_common/pico_runtime_init/runtime_init_clocks.c.o
 .debug_str     0x0000476b       0x8d CMakeFiles/SOS_MORSE.dir/home/diego/.pico-sdk/sdk/2.1.0/src/rp2_common/pico_bit_ops/bit_ops_aeabi.S.o
 .debug_str     0x0000476b       0x90 CMakeFiles/SOS_MORSE.dir/home/diego/.pico-sdk/sdk/2.1.0/src/rp2_common/pico_divider/divider_hardware.S.o
 .debug_str     0x0000476b       0x92 CMakeFiles/SOS_MORSE.dir/home/diego/.pico-sdk/sdk/2.1.0/src/rp2_common/pico_double/double_aeabi_rp2040.S.o
 .debug_str     0x0000476b      0x2e4 CMakeFiles/SOS_MORSE.dir/home/diego/.pico-sdk/sdk/2.1.0/src/rp2_common/pico_double/double_init_rom_rp2040.c.o
 .debug_str     0x0000476b       0x98 CMakeFiles/SOS_MORSE.dir/home/diego/.pico-sdk/sdk/2.1.0/src/rp2_common/pico_double/double_v1_rom_shim_rp2040.S.o
 .debug_str     0x0000476b       0x96 CMakeFiles/SOS_MORSE.dir/home/diego/.pico-sdk/sdk/2.1.0/src/rp2_common/pico_int64_ops/pico_int64_ops_aeabi.S.o
 .debug_str     0x0000476b       0x90 CMakeFiles/SOS_MORSE.dir/home/diego/.pico-sdk/sdk/2.1.0/src/rp2_common/pico_float/float_aeabi_rp2040.S.o
 .debug_str     0x0000476b      0x2a9 CMakeFiles/SOS_MORSE.dir/home/diego/.pico-sdk/sdk/2.1.0/src/rp2_common/pico_float/float_init_rom_rp2040.c.o
 .debug_str     0x0000476b       0x8d CMakeFiles/SOS_MORSE.dir/home/diego/.pico-sdk/sdk/2.1.0/src/rp2_common/pico_mem_ops/mem_ops_aeabi.S.o
 .debug_str     0x0000476b      0x43e CMakeFiles/SOS_MORSE.dir/home/diego/.pico-sdk/sdk/2.1.0/src/rp2_common/pico_standard_binary_info/standard_binary_info.c.o